Archive member included to satisfy reference by file (symbol)

C:/Program Files/SEGGER/SEGGER Embedded Studio for ARM 4.52b/lib/libm_v7em_fpv4_sp_d16_hard_t_le_eabi.a(libm_asm.o)
                              Output/csense_pca10040 Release/Obj/nrf_drv_csense.o (__aeabi_dmul)
C:/Program Files/SEGGER/SEGGER Embedded Studio for ARM 4.52b/lib/libc_v7em_fpv4_sp_d16_hard_t_le_eabi.a(libc2.o)
                              Output/csense_pca10040 Release/Obj/nrf_log_str_formatter.o (isprint)
C:/Program Files/SEGGER/SEGGER Embedded Studio for ARM 4.52b/lib/libc_v7em_fpv4_sp_d16_hard_t_le_eabi.a(libc2_asm.o)
                              Output/csense_pca10040 Release/Obj/nrf_log_frontend.o (memcpy)
C:/Program Files/SEGGER/SEGGER Embedded Studio for ARM 4.52b/lib/libc_v7em_fpv4_sp_d16_hard_t_le_eabi.a(libc.o)
                              C:/Program Files/SEGGER/SEGGER Embedded Studio for ARM 4.52b/lib/libc_v7em_fpv4_sp_d16_hard_t_le_eabi.a(libc2.o) (__heap_lock)
C:/Program Files/SEGGER/SEGGER Embedded Studio for ARM 4.52b/lib/libc_v7em_fpv4_sp_d16_hard_t_le_eabi.a(libc_asm.o)
                              C:/Program Files/SEGGER/SEGGER Embedded Studio for ARM 4.52b/lib/libc_v7em_fpv4_sp_d16_hard_t_le_eabi.a(libc2.o) (__aeabi_uldivmod)
C:/Program Files/SEGGER/SEGGER Embedded Studio for ARM 4.52b/lib/libdebugio_v7em_fpv4_sp_d16_hard_t_le_eabi.a(libdebugio.o)
                              Output/csense_pca10040 Release/Obj/thumb_crt0.o (debug_fopen)
C:/Program Files/SEGGER/SEGGER Embedded Studio for ARM 4.52b/lib/libdebugio_mempoll_v7em_fpv4_sp_d16_hard_t_le_eabi.a(mempoll_debug_operations.o)
                              C:/Program Files/SEGGER/SEGGER Embedded Studio for ARM 4.52b/lib/libdebugio_v7em_fpv4_sp_d16_hard_t_le_eabi.a(libdebugio.o) (__do_debug_operation)
C:/Program Files/SEGGER/SEGGER Embedded Studio for ARM 4.52b/lib/libdebugio_mempoll_v7em_fpv4_sp_d16_hard_t_le_eabi.a(do_nv_debug_operation.o)
                              C:/Program Files/SEGGER/SEGGER Embedded Studio for ARM 4.52b/lib/libdebugio_v7em_fpv4_sp_d16_hard_t_le_eabi.a(libdebugio.o) (__do_nvdebug_operation)
C:/Program Files/SEGGER/SEGGER Embedded Studio for ARM 4.52b/lib/libm_v7em_fpv4_sp_d16_hard_t_le_eabi.a(libm2.o)
                              C:/Program Files/SEGGER/SEGGER Embedded Studio for ARM 4.52b/lib/libvfprintf_v7em_fpv4_sp_d16_hard_t_le_eabi.o (frexp)

Discarded input sections

 .text          0x0000000000000000        0x0 Output/csense_pca10040 Release/Obj/thumb_crt0.o
 .data          0x0000000000000000        0x0 Output/csense_pca10040 Release/Obj/thumb_crt0.o
 .bss           0x0000000000000000        0x0 Output/csense_pca10040 Release/Obj/thumb_crt0.o
 .text.__aeabi_read_tp
                0x0000000000000000        0x8 Output/csense_pca10040 Release/Obj/thumb_crt0.o
 .text.abort    0x0000000000000000        0x2 Output/csense_pca10040 Release/Obj/thumb_crt0.o
 .text.__assert
                0x0000000000000000        0x2 Output/csense_pca10040 Release/Obj/thumb_crt0.o
 .text.__aeabi_assert
                0x0000000000000000        0x2 Output/csense_pca10040 Release/Obj/thumb_crt0.o
 .text.__sync_synchronize
                0x0000000000000000        0x2 Output/csense_pca10040 Release/Obj/thumb_crt0.o
 .text.__getchar
                0x0000000000000000        0x4 Output/csense_pca10040 Release/Obj/thumb_crt0.o
 .text.__putchar
                0x0000000000000000        0x4 Output/csense_pca10040 Release/Obj/thumb_crt0.o
 .text.__open   0x0000000000000000        0x4 Output/csense_pca10040 Release/Obj/thumb_crt0.o
 .text.__close  0x0000000000000000        0x4 Output/csense_pca10040 Release/Obj/thumb_crt0.o
 .text.__write  0x0000000000000000        0xa Output/csense_pca10040 Release/Obj/thumb_crt0.o
 .text.__read   0x0000000000000000        0xa Output/csense_pca10040 Release/Obj/thumb_crt0.o
 .text.__seek   0x0000000000000000       0x1a Output/csense_pca10040 Release/Obj/thumb_crt0.o
 .bss.__user_locale_name_buffer
                0x0000000000000000        0x4 Output/csense_pca10040 Release/Obj/thumb_crt0.o
 .stack         0x0000000000000000        0x0 Output/csense_pca10040 Release/Obj/thumb_crt0.o
 .stack_process
                0x0000000000000000        0x0 Output/csense_pca10040 Release/Obj/thumb_crt0.o
 .heap          0x0000000000000000        0x0 Output/csense_pca10040 Release/Obj/thumb_crt0.o
 .group         0x0000000000000000        0xc Output/csense_pca10040 Release/Obj/nrf_log_backend_rtt.o
 .group         0x0000000000000000        0xc Output/csense_pca10040 Release/Obj/nrf_log_backend_rtt.o
 .group         0x0000000000000000        0xc Output/csense_pca10040 Release/Obj/nrf_log_backend_rtt.o
 .group         0x0000000000000000        0xc Output/csense_pca10040 Release/Obj/nrf_log_backend_rtt.o
 .group         0x0000000000000000        0xc Output/csense_pca10040 Release/Obj/nrf_log_backend_rtt.o
 .group         0x0000000000000000        0xc Output/csense_pca10040 Release/Obj/nrf_log_backend_rtt.o
[...]
Memory Configuration

Name             Origin             Length             Attributes
UNPLACED_SECTIONS 0x0000000100000000 0x0000000000000000 xw
RAM              0x0000000020000000 0x0000000000010000 xw
FLASH            0x0000000000000000 0x0000000000080000 xw
*default*        0x0000000000000000 0xffffffffffffffff

Linker script and memory map

                0x0000000000000000                __vfprintf = __vfprintf_long
                0x0000000000000000                __vfscanf = __vfscanf_long
                0x0000000020000000                __RAM_segment_start__ = 0x20000000
                0x0000000020010000                __RAM_segment_end__ = 0x20010000
                0x0000000000010000                __RAM_segment_size__ = 0x10000
                0x0000000000000000                __FLASH_segment_start__ = 0x0
                0x0000000000080000                __FLASH_segment_end__ = 0x80000
                0x0000000000080000                __FLASH_segment_size__ = 0x80000
                0x0000000000002000                __HEAPSIZE__ = 0x2000
                0x0000000000000000                __STACKSIZE_PROCESS__ = 0x0
                0x0000000000002000                __STACKSIZE__ = 0x2000
                0x0000000020000000                __vectors_ram_load_start__ = 0x20000000

.vectors_ram    0x0000000020000000        0x0
                0x0000000020000000                __vectors_ram_start__ = .
                0x0000000020000000                __app_ram_start__ = __vectors_ram_start__
 *(.vectors_ram .vectors_ram.*)
                0x0000000020000000                __vectors_ram_end__ = (__vectors_ram_start__ + SIZEOF (.vectors_ram))
                0x0000000000000000                __vectors_ram_size__ = SIZEOF (.vectors_ram)
                0x0000000020000000                __vectors_ram_load_end__ = __vectors_ram_end__
                0x0000000000000001                . = ASSERT (((__vectors_ram_start__ == __vectors_ram_end__) || ((__vectors_ram_end__ - __RAM_segment_start__) <= __RAM_segment_size__)), error: .vectors_ram is too large to fit in RAM memory segment)
                0x0000000020000000                __nrf_sections_run_load_start__ = ALIGN (__vectors_ram_end__, 0x4)

.nrf_sections_run
                0x0000000020000000        0x0
                0x0000000020000000                __nrf_sections_run_start__ = .
                0x0000000020000000                __start_nrf_sections_run = __nrf_sections_run_start__
 *(.nrf_sections_run .nrf_sections_run.*)
                0x0000000020000000                __nrf_sections_run_end__ = (__nrf_sections_run_start__ + SIZEOF (.nrf_sections_run))
                0x0000000000000000                __nrf_sections_run_size__ = SIZEOF (.nrf_sections_run)
                0x0000000020000000                __nrf_sections_run_load_end__ = __nrf_sections_run_end__
                0x0000000000000001                . = ASSERT (((__nrf_sections_run_start__ == __nrf_sections_run_end__) || ((__nrf_sections_run_end__ - __RAM_segment_start__) <= __RAM_segment_size__)), error: .nrf_sections_run is too large to fit in RAM memory segment)
                0x0000000000000000                __vectors_load_start__ = 0x0

.vectors        0x0000000000000000      0x200
                0x0000000000000000                __vectors_start__ = .
 *(.vectors .vectors.*)
 .vectors       0x0000000000000000      0x200 Output/csense_pca10040 Release/Obj/ses_startup_nrf52.o
                0x0000000000000000                _vectors
                0x0000000000000200                __vectors_end__ = (__vectors_start__ + SIZEOF (.vectors))
                0x0000000000000200                __vectors_size__ = SIZEOF (.vectors)
                0x0000000000000200                __vectors_load_end__ = __vectors_end__
                0x0000000000000001                . = ASSERT (((__vectors_start__ == __vectors_end__) || ((__vectors_end__ - __FLASH_segment_start__) <= __FLASH_segment_size__)), error: .vectors is too large to fit in FLASH memory segment)
                0x0000000000000200                __init_load_start__ = ALIGN (__vectors_end__, 0x4)

.init           0x0000000000000200      0x1d0
                0x0000000000000200                __init_start__ = .
 *(.init .init.*)
 .init          0x0000000000000200      0x15c Output/csense_pca10040 Release/Obj/thumb_crt0.o
                0x0000000000000200                _start
                0x00000000000002b4                exit
 .init          0x000000000000035c       0x18 Output/csense_pca10040 Release/Obj/ses_startup_nrf52.o
                0x000000000000035c                NMI_Handler
                0x000000000000035e                HardFault_Handler
                0x0000000000000360                MemoryManagement_Handler
                0x0000000000000362                BusFault_Handler
                0x0000000000000364                UsageFault_Handler
                0x0000000000000366                SVC_Handler
                0x0000000000000368                DebugMon_Handler
                0x000000000000036a                PendSV_Handler
                0x000000000000036c                SysTick_Handler
                0x000000000000036e                PWM1_IRQHandler
                0x000000000000036e                GPIOTE_IRQHandler
                0x000000000000036e                RADIO_IRQHandler
                0x000000000000036e                PDM_IRQHandler
                0x000000000000036e                TEMP_IRQHandler
                0x000000000000036e                QDEC_IRQHandler
                0x000000000000036e                TIMER3_IRQHandler
                0x000000000000036e                FPU_IRQHandler
                0x000000000000036e                SPIM0_SPIS0_TWIM0_TWIS0_SPI0_TWI0_IRQHandler
                0x000000000000036e                SWI2_EGU2_IRQHandler
                0x000000000000036e                TIMER4_IRQHandler
                0x000000000000036e                MWU_IRQHandler
                0x000000000000036e                SWI4_EGU4_IRQHandler
                0x000000000000036e                TIMER0_IRQHandler
                0x000000000000036e                Dummy_Handler
                0x000000000000036e                PWM2_IRQHandler
                0x000000000000036e                ECB_IRQHandler
                0x000000000000036e                SPIM1_SPIS1_TWIM1_TWIS1_SPI1_TWI1_IRQHandler
                0x000000000000036e                CCM_AAR_IRQHandler
                0x000000000000036e                WDT_IRQHandler
                0x000000000000036e                SWI0_EGU0_IRQHandler
                0x000000000000036e                SWI5_EGU5_IRQHandler
                0x000000000000036e                RNG_IRQHandler
                0x000000000000036e                RTC2_IRQHandler
                0x000000000000036e                PWM0_IRQHandler
                0x000000000000036e                SWI3_EGU3_IRQHandler
                0x000000000000036e                SWI1_EGU1_IRQHandler
                0x000000000000036e                SPIM2_SPIS2_SPI2_IRQHandler
                0x000000000000036e                NFCT_IRQHandler
                0x000000000000036e                RTC0_IRQHandler
                0x000000000000036e                I2S_IRQHandler
                0x0000000000000370                nRFInitialize
 .init          0x0000000000000374       0x5c Output/csense_pca10040 Release/Obj/ses_startup_nrf_common.o
                0x0000000000000374                Reset_Handler
                0x0000000000000378                afterInitialize
                0x000000000000039c                InitializeUserMemorySections
                0x00000000000003d0                __init_end__ = (__init_start__ + SIZEOF (.init))
                0x00000000000001d0                __init_size__ = SIZEOF (.init)
                0x00000000000003d0                __init_load_end__ = __init_end__
                0x0000000000000001                . = ASSERT (((__init_start__ == __init_end__) || ((__init_end__ - __FLASH_segment_start__) <= __FLASH_segment_size__)), error: .init is too large to fit in FLASH memory segment)
                0x00000000000003d0                __init_rodata_load_start__ = ALIGN (__init_end__, 0x4)

.init_rodata    0x00000000000003d0        0x0
                0x00000000000003d0                __init_rodata_start__ = .
 *(.init_rodata .init_rodata.*)
                0x00000000000003d0                __init_rodata_end__ = (__init_rodata_start__ + SIZEOF (.init_rodata))
                0x0000000000000000                __init_rodata_size__ = SIZEOF (.init_rodata)
                0x00000000000003d0                __init_rodata_load_end__ = __init_rodata_end__
                0x0000000000000001                . = ASSERT (((__init_rodata_start__ == __init_rodata_end__) || ((__init_rodata_end__ - __FLASH_segment_start__) <= __FLASH_segment_size__)), error: .init_rodata is too large to fit in FLASH memory segment)
                0x00000000000003d0                __text_load_start__ = ALIGN (__init_rodata_end__, 0x4)

.text           0x00000000000003d0     0x341e
                0x00000000000003d0                __text_start__ = .
 *(.text .text.* .glue_7t .glue_7 .gnu.linkonce.t.* .gcc_except_table .ARM.extab* .gnu.linkonce.armextab.*)
 .glue_7        0x00000000000003d0        0x0 linker stubs
 .glue_7t       0x00000000000003d0        0x0 linker stubs
 .text.nrf_log_backend_serial_put
                0x00000000000003d0       0xc2 Output/csense_pca10040 Release/Obj/nrf_log_backend_serial.o
                0x00000000000003d0                nrf_log_backend_serial_put
 *fill*         0x0000000000000492        0x2 
 .text.uart_evt_handler
                0x0000000000000494        0xc Output/csense_pca10040 Release/Obj/nrf_log_backend_uart.o
 .text.nrf_log_backend_uart_flush
                0x00000000000004a0        0x2 Output/csense_pca10040 Release/Obj/nrf_log_backend_uart.o
 *fill*         0x00000000000004a2        0x2 
 .text.uart_init
                0x00000000000004a4       0x5c Output/csense_pca10040 Release/Obj/nrf_log_backend_uart.o
 .text.nrf_log_backend_uart_put
                0x0000000000000500       0x1c Output/csense_pca10040 Release/Obj/nrf_log_backend_uart.o
 .text.serial_tx
                0x000000000000051c       0x48 Output/csense_pca10040 Release/Obj/nrf_log_backend_uart.o
 .text.nrf_log_backend_uart_panic_set
                0x0000000000000564       0x2c Output/csense_pca10040 Release/Obj/nrf_log_backend_uart.o
 .text.nrf_log_backend_uart_init
                0x0000000000000590        0x6 Output/csense_pca10040 Release/Obj/nrf_log_backend_uart.o
                0x0000000000000590                nrf_log_backend_uart_init
 *fill*         0x0000000000000596        0x2 
 .text.nrf_log_default_backends_init
                0x0000000000000598       0x20 Output/csense_pca10040 Release/Obj/nrf_log_default_backends.o
                0x0000000000000598                nrf_log_default_backends_init
 .text.invalid_packets_omit
                0x00000000000005b8       0x3a Output/csense_pca10040 Release/Obj/nrf_log_frontend.o
 *fill*         0x00000000000005f2        0x2 
 .text.buf_prealloc
                0x00000000000005f4      0x118 Output/csense_pca10040 Release/Obj/nrf_log_frontend.o
 .text.nrf_log_init
                0x000000000000070c       0x28 Output/csense_pca10040 Release/Obj/nrf_log_frontend.o
                0x000000000000070c                nrf_log_init
 .text.nrf_log_module_name_get
                0x0000000000000734       0x38 Output/csense_pca10040 Release/Obj/nrf_log_frontend.o
                0x0000000000000734                nrf_log_module_name_get
 .text.nrf_log_color_id_get
                0x000000000000076c       0x2c Output/csense_pca10040 Release/Obj/nrf_log_frontend.o
                0x000000000000076c                nrf_log_color_id_get
 .text.buffer_is_empty
                0x0000000000000798       0x14 Output/csense_pca10040 Release/Obj/nrf_log_frontend.o
                0x0000000000000798                buffer_is_empty
 .text.nrf_log_frontend_dequeue
                0x00000000000007ac      0x1f0 Output/csense_pca10040 Release/Obj/nrf_log_frontend.o
                0x00000000000007ac                nrf_log_frontend_dequeue
 .text.std_n    0x000000000000099c       0x8c Output/csense_pca10040 Release/Obj/nrf_log_frontend.o
 .text.nrf_log_frontend_std_0
                0x0000000000000a28        0x8 Output/csense_pca10040 Release/Obj/nrf_log_frontend.o
                0x0000000000000a28                nrf_log_frontend_std_0
 .text.nrf_log_frontend_std_1
                0x0000000000000a30       0x12 Output/csense_pca10040 Release/Obj/nrf_log_frontend.o
                0x0000000000000a30                nrf_log_frontend_std_1
 *fill*         0x0000000000000a42        0x2 
 .text.nrf_log_backend_add
                0x0000000000000a44       0x44 Output/csense_pca10040 Release/Obj/nrf_log_frontend.o
                0x0000000000000a44                nrf_log_backend_add
 .text.nrf_log_panic
                0x0000000000000a88       0x28 Output/csense_pca10040 Release/Obj/nrf_log_frontend.o
                0x0000000000000a88                nrf_log_panic
 .text.postfix_process
                0x0000000000000ab0       0x44 Output/csense_pca10040 Release/Obj/nrf_log_str_formatter.o
 .text.prefix_process
                0x0000000000000af4       0x7c Output/csense_pca10040 Release/Obj/nrf_log_str_formatter.o
 .text.nrf_log_std_entry_process
                0x0000000000000b70       0xc8 Output/csense_pca10040 Release/Obj/nrf_log_str_formatter.o
                0x0000000000000b70                nrf_log_std_entry_process
 .text.nrf_log_hexdump_entry_process
                0x0000000000000c38       0xb8 Output/csense_pca10040 Release/Obj/nrf_log_str_formatter.o
                0x0000000000000c38                nrf_log_hexdump_entry_process
 .text.app_error_handler_bare
                0x0000000000000cf0       0x1a Output/csense_pca10040 Release/Obj/app_error.o
                0x0000000000000cf0                app_error_handler_bare
 *fill*         0x0000000000000d0a        0x2 
 .text.app_error_fault_handler
                0x0000000000000d0c       0x70 Output/csense_pca10040 Release/Obj/app_error_weak.o
                0x0000000000000d0c                app_error_fault_handler
 .text.compare_func
                0x0000000000000d7c       0x16 Output/csense_pca10040 Release/Obj/app_timer2.o
 *fill*         0x0000000000000d92        0x2 
 .text.get_now  0x0000000000000d94       0x3c Output/csense_pca10040 Release/Obj/app_timer2.o
 .text.timer_req_schedule
                0x0000000000000dd0       0x38 Output/csense_pca10040 Release/Obj/app_timer2.o
 .text.timer_expire
                0x0000000000000e08       0x6c Output/csense_pca10040 Release/Obj/app_timer2.o
 .text.app_timer_init
                0x0000000000000e74       0x64 Output/csense_pca10040 Release/Obj/app_timer2.o
                0x0000000000000e74                app_timer_init
 .text.app_timer_create
                0x0000000000000ed8       0x16 Output/csense_pca10040 Release/Obj/app_timer2.o
                0x0000000000000ed8                app_timer_create
 .text.app_timer_start
                0x0000000000000eee       0x30 Output/csense_pca10040 Release/Obj/app_timer2.o
                0x0000000000000eee                app_timer_start
 *fill*         0x0000000000000f1e        0x2 
 .text.app_timer_cnt_get
                0x0000000000000f20        0xc Output/csense_pca10040 Release/Obj/app_timer2.o
                0x0000000000000f20                app_timer_cnt_get
 .text.rtc_irq  0x0000000000000f2c      0x198 Output/csense_pca10040 Release/Obj/app_timer2.o
 .text.app_util_disable_irq
                0x00000000000010c4       0x10 Output/csense_pca10040 Release/Obj/app_util_platform.o
                0x00000000000010c4                app_util_disable_irq
 .text.app_util_enable_irq
                0x00000000000010d4       0x14 Output/csense_pca10040 Release/Obj/app_util_platform.o
                0x00000000000010d4                app_util_enable_irq
 .text.app_util_critical_region_enter
                0x00000000000010e8        0x4 Output/csense_pca10040 Release/Obj/app_util_platform.o
                0x00000000000010e8                app_util_critical_region_enter
 .text.app_util_critical_region_exit
                0x00000000000010ec        0x4 Output/csense_pca10040 Release/Obj/app_util_platform.o
                0x00000000000010ec                app_util_critical_region_exit
 .text.evt_pending.isra.0
                0x00000000000010f0       0x1a Output/csense_pca10040 Release/Obj/drv_rtc.o
 *fill*         0x000000000000110a        0x2 
 .text.drv_rtc_init
                0x000000000000110c       0xa4 Output/csense_pca10040 Release/Obj/drv_rtc.o
                0x000000000000110c                drv_rtc_init
 .text.drv_rtc_start
                0x00000000000011b0        0x8 Output/csense_pca10040 Release/Obj/drv_rtc.o
                0x00000000000011b0                drv_rtc_start
 .text.drv_rtc_stop
                0x00000000000011b8        0x8 Output/csense_pca10040 Release/Obj/drv_rtc.o
                0x00000000000011b8                drv_rtc_stop
 .text.drv_rtc_compare_set
                0x00000000000011c0       0x3e Output/csense_pca10040 Release/Obj/drv_rtc.o
                0x00000000000011c0                drv_rtc_compare_set
 *fill*         0x00000000000011fe        0x2 
 .text.drv_rtc_windowed_compare_set
                0x0000000000001200       0xf0 Output/csense_pca10040 Release/Obj/drv_rtc.o
                0x0000000000001200                drv_rtc_windowed_compare_set
 .text.drv_rtc_overflow_enable
                0x00000000000012f0       0x10 Output/csense_pca10040 Release/Obj/drv_rtc.o
                0x00000000000012f0                drv_rtc_overflow_enable
 .text.drv_rtc_overflow_pending
                0x0000000000001300        0xa Output/csense_pca10040 Release/Obj/drv_rtc.o
                0x0000000000001300                drv_rtc_overflow_pending
 .text.drv_rtc_compare_disable
                0x000000000000130a       0x14 Output/csense_pca10040 Release/Obj/drv_rtc.o
                0x000000000000130a                drv_rtc_compare_disable
 .text.drv_rtc_compare_pending
                0x000000000000131e        0xc Output/csense_pca10040 Release/Obj/drv_rtc.o
                0x000000000000131e                drv_rtc_compare_pending
 .text.drv_rtc_counter_get
                0x000000000000132a        0x8 Output/csense_pca10040 Release/Obj/drv_rtc.o
                0x000000000000132a                drv_rtc_counter_get
 *fill*         0x0000000000001332        0x2 
 .text.drv_rtc_irq_trigger
                0x0000000000001334       0x24 Output/csense_pca10040 Release/Obj/drv_rtc.o
                0x0000000000001334                drv_rtc_irq_trigger
 .text.RTC1_IRQHandler
                0x0000000000001358       0x14 Output/csense_pca10040 Release/Obj/drv_rtc.o
                0x0000000000001358                RTC1_IRQHandler
 .text.nrf_atfifo_init
                0x000000000000136c       0x26 Output/csense_pca10040 Release/Obj/nrf_atfifo.o
                0x000000000000136c                nrf_atfifo_init
 .text.nrf_atfifo_item_alloc
                0x0000000000001392       0x54 Output/csense_pca10040 Release/Obj/nrf_atfifo.o
                0x0000000000001392                nrf_atfifo_item_alloc
 .text.nrf_atfifo_item_put
                0x00000000000013e6       0x20 Output/csense_pca10040 Release/Obj/nrf_atfifo.o
                0x00000000000013e6                nrf_atfifo_item_put
 .text.nrf_atfifo_item_get
                0x0000000000001406       0x56 Output/csense_pca10040 Release/Obj/nrf_atfifo.o
                0x0000000000001406                nrf_atfifo_item_get
 .text.nrf_atfifo_item_free
                0x000000000000145c       0x20 Output/csense_pca10040 Release/Obj/nrf_atfifo.o
                0x000000000000145c                nrf_atfifo_item_free
 .text.nrf_atomic_u32_fetch_store
                0x000000000000147c       0x16 Output/csense_pca10040 Release/Obj/nrf_atomic.o
                0x000000000000147c                nrf_atomic_u32_fetch_store
 .text.nrf_atomic_u32_or
                0x0000000000001492       0x18 Output/csense_pca10040 Release/Obj/nrf_atomic.o
                0x0000000000001492                nrf_atomic_u32_or
 .text.nrf_atomic_u32_fetch_and
                0x00000000000014aa       0x18 Output/csense_pca10040 Release/Obj/nrf_atomic.o
                0x00000000000014aa                nrf_atomic_u32_fetch_and
 .text.nrf_atomic_u32_add
                0x00000000000014c2       0x18 Output/csense_pca10040 Release/Obj/nrf_atomic.o
                0x00000000000014c2                nrf_atomic_u32_add
 .text.nrf_atomic_u32_sub
                0x00000000000014da       0x18 Output/csense_pca10040 Release/Obj/nrf_atomic.o
                0x00000000000014da                nrf_atomic_u32_sub
 .text.nrf_atomic_flag_set
                0x00000000000014f2        0x6 Output/csense_pca10040 Release/Obj/nrf_atomic.o
                0x00000000000014f2                nrf_atomic_flag_set
 .text.nrf_atomic_flag_clear_fetch
                0x00000000000014f8        0x6 Output/csense_pca10040 Release/Obj/nrf_atomic.o
                0x00000000000014f8                nrf_atomic_flag_clear_fetch
 .text.nrf_balloc_init
                0x00000000000014fe       0x2e Output/csense_pca10040 Release/Obj/nrf_balloc.o
                0x00000000000014fe                nrf_balloc_init
 .text.nrf_balloc_alloc
                0x000000000000152c       0x40 Output/csense_pca10040 Release/Obj/nrf_balloc.o
                0x000000000000152c                nrf_balloc_alloc
 .text.nrf_balloc_free
                0x000000000000156c       0x2a Output/csense_pca10040 Release/Obj/nrf_balloc.o
                0x000000000000156c                nrf_balloc_free
 *fill*         0x0000000000001596        0x2 
 .text.csense_timer_handler
                0x0000000000001598       0x14 Output/csense_pca10040 Release/Obj/nrf_csense.o
 .text.find_touched_step
                0x00000000000015ac      0x15c Output/csense_pca10040 Release/Obj/nrf_csense.o
 .text.csense_event_handler
                0x0000000000001708      0x104 Output/csense_pca10040 Release/Obj/nrf_csense.o
 .text.nrf_csense_init
                0x000000000000180c       0x44 Output/csense_pca10040 Release/Obj/nrf_csense.o
                0x000000000000180c                nrf_csense_init
 .text.nrf_csense_enable
                0x0000000000001850       0x70 Output/csense_pca10040 Release/Obj/nrf_csense.o
                0x0000000000001850                nrf_csense_enable
 .text.nrf_csense_add
                0x00000000000018c0       0x18 Output/csense_pca10040 Release/Obj/nrf_csense.o
                0x00000000000018c0                nrf_csense_add
 .text.calculate_next_channel
                0x00000000000018d8       0x18 Output/csense_pca10040 Release/Obj/nrf_drv_csense.o
 .text.nrf_drv_csense_init
                0x00000000000018f0       0x84 Output/csense_pca10040 Release/Obj/nrf_drv_csense.o
                0x00000000000018f0                nrf_drv_csense_init
 .text.nrf_drv_csense_channels_enable
                0x0000000000001974       0x1c Output/csense_pca10040 Release/Obj/nrf_drv_csense.o
                0x0000000000001974                nrf_drv_csense_channels_enable
 .text.nrf_drv_csense_sample
                0x0000000000001990       0x64 Output/csense_pca10040 Release/Obj/nrf_drv_csense.o
                0x0000000000001990                nrf_drv_csense_sample
 *fill*         0x00000000000019f4        0x4 
 .text.saadc_handler
                0x00000000000019f8       0xb4 Output/csense_pca10040 Release/Obj/nrf_drv_csense.o
                0x00000000000019f8                saadc_handler
 .text.nrf_drv_csense_is_busy
                0x0000000000001aac        0xc Output/csense_pca10040 Release/Obj/nrf_drv_csense.o
                0x0000000000001aac                nrf_drv_csense_is_busy
 .text.nrf_fprintf_buffer_flush
                0x0000000000001ab8       0x16 Output/csense_pca10040 Release/Obj/nrf_fprintf.o
                0x0000000000001ab8                nrf_fprintf_buffer_flush
 .text.nrf_fprintf
                0x0000000000001ace       0x1c Output/csense_pca10040 Release/Obj/nrf_fprintf.o
                0x0000000000001ace                nrf_fprintf
 .text.buffer_add
                0x0000000000001aea       0x2e Output/csense_pca10040 Release/Obj/nrf_fprintf_format.o
 .text.unsigned_print
                0x0000000000001b18       0xb4 Output/csense_pca10040 Release/Obj/nrf_fprintf_format.o
 .text.nrf_fprintf_fmt
                0x0000000000001bcc      0x29c Output/csense_pca10040 Release/Obj/nrf_fprintf_format.o
                0x0000000000001bcc                nrf_fprintf_fmt
 .text.memobj_op
                0x0000000000001e68       0x86 Output/csense_pca10040 Release/Obj/nrf_memobj.o
 .text.nrf_memobj_pool_init
                0x0000000000001eee        0x4 Output/csense_pca10040 Release/Obj/nrf_memobj.o
                0x0000000000001eee                nrf_memobj_pool_init
 .text.nrf_memobj_free
                0x0000000000001ef2       0x2c Output/csense_pca10040 Release/Obj/nrf_memobj.o
                0x0000000000001ef2                nrf_memobj_free
 .text.nrf_memobj_alloc
                0x0000000000001f1e       0x5e Output/csense_pca10040 Release/Obj/nrf_memobj.o
                0x0000000000001f1e                nrf_memobj_alloc
 .text.nrf_memobj_get
                0x0000000000001f7c        0x8 Output/csense_pca10040 Release/Obj/nrf_memobj.o
                0x0000000000001f7c                nrf_memobj_get
 .text.nrf_memobj_put
                0x0000000000001f84       0x1e Output/csense_pca10040 Release/Obj/nrf_memobj.o
                0x0000000000001f84                nrf_memobj_put
 .text.nrf_memobj_write
                0x0000000000001fa2       0x14 Output/csense_pca10040 Release/Obj/nrf_memobj.o
                0x0000000000001fa2                nrf_memobj_write
 .text.nrf_memobj_read
                0x0000000000001fb6       0x14 Output/csense_pca10040 Release/Obj/nrf_memobj.o
                0x0000000000001fb6                nrf_memobj_read
 .text.nrf_ringbuf_init
                0x0000000000001fca       0x12 Output/csense_pca10040 Release/Obj/nrf_ringbuf.o
                0x0000000000001fca                nrf_ringbuf_init
 .text.nrf_sortlist_add
                0x0000000000001fdc       0x20 Output/csense_pca10040 Release/Obj/nrf_sortlist.o
                0x0000000000001fdc                nrf_sortlist_add
 .text.nrf_sortlist_pop
                0x0000000000001ffc        0xc Output/csense_pca10040 Release/Obj/nrf_sortlist.o
                0x0000000000001ffc                nrf_sortlist_pop
 .text.nrf_sortlist_peek
                0x0000000000002008        0x6 Output/csense_pca10040 Release/Obj/nrf_sortlist.o
                0x0000000000002008                nrf_sortlist_peek
 .text.nrf_sortlist_remove
                0x000000000000200e       0x1a Output/csense_pca10040 Release/Obj/nrf_sortlist.o
                0x000000000000200e                nrf_sortlist_remove
 .text.clock_clk_started_notify
                0x0000000000002028       0x24 Output/csense_pca10040 Release/Obj/nrf_drv_clock.o
 .text.clock_irq_handler
                0x000000000000204c       0x1c Output/csense_pca10040 Release/Obj/nrf_drv_clock.o
 .text.nrf_drv_clock_init
                0x0000000000002068       0x40 Output/csense_pca10040 Release/Obj/nrf_drv_clock.o
                0x0000000000002068                nrf_drv_clock_init
 .text.nrf_drv_clock_lfclk_request
                0x00000000000020a8       0x54 Output/csense_pca10040 Release/Obj/nrf_drv_clock.o
                0x00000000000020a8                nrf_drv_clock_lfclk_request
 .text.uarte_evt_handler
                0x00000000000020fc       0x34 Output/csense_pca10040 Release/Obj/nrf_drv_uart.o
 .text.uart_evt_handler
                0x0000000000002130       0x34 Output/csense_pca10040 Release/Obj/nrf_drv_uart.o
 .text.nrf_drv_uart_init
                0x0000000000002164       0x7c Output/csense_pca10040 Release/Obj/nrf_drv_uart.o
                0x0000000000002164                nrf_drv_uart_init
 .text.nrf_clock_event_clear
                0x00000000000021e0       0x14 Output/csense_pca10040 Release/Obj/nrfx_clock.o
 .text.nrfx_clock_init
                0x00000000000021f4       0x18 Output/csense_pca10040 Release/Obj/nrfx_clock.o
                0x00000000000021f4                nrfx_clock_init
 .text.nrfx_clock_enable
                0x000000000000220c       0x24 Output/csense_pca10040 Release/Obj/nrfx_clock.o
                0x000000000000220c                nrfx_clock_enable
 .text.nrfx_clock_lfclk_start
                0x0000000000002230       0x4c Output/csense_pca10040 Release/Obj/nrfx_clock.o
                0x0000000000002230                nrfx_clock_lfclk_start
 .text.POWER_CLOCK_IRQHandler
                0x000000000000227c       0x58 Output/csense_pca10040 Release/Obj/nrfx_clock.o
                0x000000000000227c                POWER_CLOCK_IRQHandler
 .text.nrf_comp_event_clear
                0x00000000000022d4       0x18 Output/csense_pca10040 Release/Obj/nrfx_comp.o
 .text.comp_execute_handler
                0x00000000000022ec       0x34 Output/csense_pca10040 Release/Obj/nrfx_comp.o
 .text.COMP_LPCOMP_IRQHandler
                0x0000000000002320       0x2e Output/csense_pca10040 Release/Obj/nrfx_comp.o
                0x0000000000002320                COMP_LPCOMP_IRQHandler
 *fill*         0x000000000000234e        0x2 
 .text.UARTE0_UART0_IRQHandler
                0x0000000000002350        0xc Output/csense_pca10040 Release/Obj/nrfx_prs.o
                0x0000000000002350                UARTE0_UART0_IRQHandler
 .text.nrfx_prs_acquire
                0x000000000000235c       0x38 Output/csense_pca10040 Release/Obj/nrfx_prs.o
                0x000000000000235c                nrfx_prs_acquire
 .text.nrfx_prs_release
                0x0000000000002394       0x18 Output/csense_pca10040 Release/Obj/nrfx_prs.o
                0x0000000000002394                nrfx_prs_release
 .text.nrf_saadc_event_clear
                0x00000000000023ac       0x18 Output/csense_pca10040 Release/Obj/nrfx_saadc.o
 .text.SAADC_IRQHandler
                0x00000000000023c4      0x160 Output/csense_pca10040 Release/Obj/nrfx_saadc.o
                0x00000000000023c4                SAADC_IRQHandler
 .text.nrfx_saadc_init
                0x0000000000002524       0x90 Output/csense_pca10040 Release/Obj/nrfx_saadc.o
                0x0000000000002524                nrfx_saadc_init
 .text.nrfx_saadc_channel_init
                0x00000000000025b4       0xb4 Output/csense_pca10040 Release/Obj/nrfx_saadc.o
                0x00000000000025b4                nrfx_saadc_channel_init
 .text.nrfx_saadc_buffer_convert
                0x0000000000002668       0xa8 Output/csense_pca10040 Release/Obj/nrfx_saadc.o
                0x0000000000002668                nrfx_saadc_buffer_convert
 .text.nrfx_saadc_sample
                0x0000000000002710       0x30 Output/csense_pca10040 Release/Obj/nrfx_saadc.o
                0x0000000000002710                nrfx_saadc_sample
 .text.irq_handler.constprop.0
                0x0000000000002740       0x4c Output/csense_pca10040 Release/Obj/nrfx_timer.o
 .text.TIMER1_IRQHandler
                0x000000000000278c       0x10 Output/csense_pca10040 Release/Obj/nrfx_timer.o
                0x000000000000278c                TIMER1_IRQHandler
 .text.TIMER2_IRQHandler
                0x000000000000279c       0x10 Output/csense_pca10040 Release/Obj/nrfx_timer.o
                0x000000000000279c                TIMER2_IRQHandler
 .text.nrf_uart_event_clear
                0x00000000000027ac       0x10 Output/csense_pca10040 Release/Obj/nrfx_uart.o
 .text.tx_byte  0x00000000000027bc       0x1e Output/csense_pca10040 Release/Obj/nrfx_uart.o
 .text.rx_byte  0x00000000000027da       0x2c Output/csense_pca10040 Release/Obj/nrfx_uart.o
 *fill*         0x0000000000002806        0x2 
 .text.rx_done_event.constprop.0
                0x0000000000002808       0x20 Output/csense_pca10040 Release/Obj/nrfx_uart.o
 .text.nrfx_uart_0_irq_handler
                0x0000000000002828      0x13c Output/csense_pca10040 Release/Obj/nrfx_uart.o
                0x0000000000002828                nrfx_uart_0_irq_handler
 .text.nrfx_uart_init
                0x0000000000002964      0x16c Output/csense_pca10040 Release/Obj/nrfx_uart.o
                0x0000000000002964                nrfx_uart_init
 .text.nrfx_uart_uninit
                0x0000000000002ad0       0xd4 Output/csense_pca10040 Release/Obj/nrfx_uart.o
                0x0000000000002ad0                nrfx_uart_uninit
 .text.nrfx_uart_tx
                0x0000000000002ba4       0x8c Output/csense_pca10040 Release/Obj/nrfx_uart.o
                0x0000000000002ba4                nrfx_uart_tx
 .text.nrf_uarte_event_clear
                0x0000000000002c30       0x10 Output/csense_pca10040 Release/Obj/nrfx_uarte.o
 .text.rx_done_event.constprop.0
                0x0000000000002c40       0x20 Output/csense_pca10040 Release/Obj/nrfx_uarte.o
 .text.nrfx_uarte_0_irq_handler
                0x0000000000002c60      0x118 Output/csense_pca10040 Release/Obj/nrfx_uarte.o
                0x0000000000002c60                nrfx_uarte_0_irq_handler
 .text.nrfx_uarte_init
                0x0000000000002d78      0x188 Output/csense_pca10040 Release/Obj/nrfx_uarte.o
                0x0000000000002d78                nrfx_uarte_init
 .text.nrfx_uarte_uninit
                0x0000000000002f00      0x120 Output/csense_pca10040 Release/Obj/nrfx_uarte.o
                0x0000000000002f00                nrfx_uarte_uninit
 .text.nrfx_uarte_tx
                0x0000000000003020       0x90 Output/csense_pca10040 Release/Obj/nrfx_uarte.o
                0x0000000000003020                nrfx_uarte_tx
 .text.nrf_csense_handler
                0x00000000000030b0       0x7c Output/csense_pca10040 Release/Obj/main.o
                0x00000000000030b0                nrf_csense_handler
 .text.startup.main
                0x000000000000312c       0x88 Output/csense_pca10040 Release/Obj/main.o
                0x000000000000312c                main
 .text.nrf52_errata_12
                0x00000000000031b4       0x40 Output/csense_pca10040 Release/Obj/system_nrf52.o
 .text.nrf52_errata_16
                0x00000000000031f4       0x2c Output/csense_pca10040 Release/Obj/system_nrf52.o
 .text.SystemInit
                0x0000000000003220      0x274 Output/csense_pca10040 Release/Obj/system_nrf52.o
                0x0000000000003220                SystemInit
 .text.__aeabi_dmul
                0x0000000000003494      0x138 C:/Program Files/SEGGER/SEGGER Embedded Studio for ARM 4.52b/lib/libm_v7em_fpv4_sp_d16_hard_t_le_eabi.a(libm_asm.o)
                0x0000000000003494                __aeabi_dmul
 .text.__aeabi_d2uiz
                0x00000000000035cc       0x28 C:/Program Files/SEGGER/SEGGER Embedded Studio for ARM 4.52b/lib/libm_v7em_fpv4_sp_d16_hard_t_le_eabi.a(libm_asm.o)
                0x00000000000035cc                __aeabi_d2uiz
 .text.__aeabi_i2d
                0x00000000000035f4       0x28 C:/Program Files/SEGGER/SEGGER Embedded Studio for ARM 4.52b/lib/libm_v7em_fpv4_sp_d16_hard_t_le_eabi.a(libm_asm.o)
                0x00000000000035f4                __aeabi_i2d
 .text.libc.__RAL_ascii_isctype
                0x000000000000361c       0x1c C:/Program Files/SEGGER/SEGGER Embedded Studio for ARM 4.52b/lib/libc_v7em_fpv4_sp_d16_hard_t_le_eabi.a(libc2.o)
 .text.libc.__RAL_ascii_toupper
                0x0000000000003638        0xc C:/Program Files/SEGGER/SEGGER Embedded Studio for ARM 4.52b/lib/libc_v7em_fpv4_sp_d16_hard_t_le_eabi.a(libc2.o)
 .text.libc.__RAL_ascii_tolower
                0x0000000000003644        0xc C:/Program Files/SEGGER/SEGGER Embedded Studio for ARM 4.52b/lib/libc_v7em_fpv4_sp_d16_hard_t_le_eabi.a(libc2.o)
 .text.libc.__RAL_ascii_iswctype
                0x0000000000003650       0x1c C:/Program Files/SEGGER/SEGGER Embedded Studio for ARM 4.52b/lib/libc_v7em_fpv4_sp_d16_hard_t_le_eabi.a(libc2.o)
 .text.libc.__RAL_ascii_towupper
                0x000000000000366c        0xc C:/Program Files/SEGGER/SEGGER Embedded Studio for ARM 4.52b/lib/libc_v7em_fpv4_sp_d16_hard_t_le_eabi.a(libc2.o)
 .text.libc.__RAL_ascii_towlower
                0x0000000000003678        0xc C:/Program Files/SEGGER/SEGGER Embedded Studio for ARM 4.52b/lib/libc_v7em_fpv4_sp_d16_hard_t_le_eabi.a(libc2.o)
 .text.libc.__RAL_ascii_wctomb
                0x0000000000003684        0xe C:/Program Files/SEGGER/SEGGER Embedded Studio for ARM 4.52b/lib/libc_v7em_fpv4_sp_d16_hard_t_le_eabi.a(libc2.o)
                0x0000000000003684                __RAL_ascii_wctomb
 .text.libc.__RAL_ascii_mbtowc
                0x0000000000003692       0x24 C:/Program Files/SEGGER/SEGGER Embedded Studio for ARM 4.52b/lib/libc_v7em_fpv4_sp_d16_hard_t_le_eabi.a(libc2.o)
                0x0000000000003692                __RAL_ascii_mbtowc
 *fill*         0x00000000000036b6        0x2 
 .text.libc.__RAL_isctype
                0x00000000000036b8       0x14 C:/Program Files/SEGGER/SEGGER Embedded Studio for ARM 4.52b/lib/libc_v7em_fpv4_sp_d16_hard_t_le_eabi.a(libc2.o)
                0x00000000000036b8                __RAL_isctype
 .text.libc.isprint
                0x00000000000036cc        0xa C:/Program Files/SEGGER/SEGGER Embedded Studio for ARM 4.52b/lib/libc_v7em_fpv4_sp_d16_hard_t_le_eabi.a(libc2.o)
                0x00000000000036cc                isprint
 .text.libc.memcpy
                0x00000000000036d6       0x52 C:/Program Files/SEGGER/SEGGER Embedded Studio for ARM 4.52b/lib/libc_v7em_fpv4_sp_d16_hard_t_le_eabi.a(libc2_asm.o)
                0x00000000000036d6                __aeabi_memcpy
                0x00000000000036d6                memcpy
                0x00000000000036e2                __aeabi_memcpy8
                0x00000000000036e2                __aeabi_memcpy4
 .text.libc.memset
                0x0000000000003728       0x66 C:/Program Files/SEGGER/SEGGER Embedded Studio for ARM 4.52b/lib/libc_v7em_fpv4_sp_d16_hard_t_le_eabi.a(libc2_asm.o)
                0x0000000000003728                memset
 .text.libc.strlen
                0x000000000000378e       0x60 C:/Program Files/SEGGER/SEGGER Embedded Studio for ARM 4.52b/lib/libc_v7em_fpv4_sp_d16_hard_t_le_eabi.a(libc2_asm.o)
                0x000000000000378e                strlen
                0x00000000000037ee                __text_end__ = (__text_start__ + SIZEOF (.text))
                0x000000000000341e                __text_size__ = SIZEOF (.text)
                0x00000000000037ee                __text_load_end__ = __text_end__

.vfp11_veneer   0x0000000100000000        0x0
 .vfp11_veneer  0x0000000100000000        0x0 linker stubs

.v4_bx          0x0000000100000000        0x0
 .v4_bx         0x0000000100000000        0x0 linker stubs

.iplt           0x0000000100000000        0x0
 .iplt          0x0000000100000000        0x0 Output/csense_pca10040 Release/Obj/thumb_crt0.o
                0x0000000000000001                . = ASSERT (((__text_start__ == __text_end__) || ((__text_end__ - __FLASH_segment_start__) <= __FLASH_segment_size__)), error: .text is too large to fit in FLASH memory segment)
                0x00000000000037f0                __log_const_data_load_start__ = ALIGN (__text_end__, 0x4)

.log_const_data
                0x00000000000037f0       0x60
                0x00000000000037f0                __log_const_data_start__ = .
                0x00000000000037f0                __start_log_const_data = __log_const_data_start__
 *(SORT_BY_NAME(.log_const_data*))
 .log_const_data_CLOCK
                0x00000000000037f0        0x8 Output/csense_pca10040 Release/Obj/nrfx_clock.o
                0x00000000000037f0                m_nrf_log_CLOCK_logs_data_const
 .log_const_data_COMP
                0x00000000000037f8        0x8 Output/csense_pca10040 Release/Obj/nrfx_comp.o
                0x00000000000037f8                m_nrf_log_COMP_logs_data_const
 .log_const_data_PPI
                0x0000000000003800        0x8 Output/csense_pca10040 Release/Obj/nrfx_ppi.o
                0x0000000000003800                m_nrf_log_PPI_logs_data_const
 .log_const_data_PRS
                0x0000000000003808        0x8 Output/csense_pca10040 Release/Obj/nrfx_prs.o
                0x0000000000003808                m_nrf_log_PRS_logs_data_const
 .log_const_data_SAADC
                0x0000000000003810        0x8 Output/csense_pca10040 Release/Obj/nrfx_saadc.o
                0x0000000000003810                m_nrf_log_SAADC_logs_data_const
 .log_const_data_TIMER
                0x0000000000003818        0x8 Output/csense_pca10040 Release/Obj/nrfx_timer.o
                0x0000000000003818                m_nrf_log_TIMER_logs_data_const
 .log_const_data_UART
                0x0000000000003820        0x8 Output/csense_pca10040 Release/Obj/nrfx_uart.o
                0x0000000000003820                m_nrf_log_UART_logs_data_const
 .log_const_data_UARTE
                0x0000000000003828        0x8 Output/csense_pca10040 Release/Obj/nrfx_uarte.o
                0x0000000000003828                m_nrf_log_UARTE_logs_data_const
 .log_const_data_app
                0x0000000000003830        0x8 Output/csense_pca10040 Release/Obj/nrf_log_frontend.o
                0x0000000000003830                m_nrf_log_app_logs_data_const
 .log_const_data_app_timer
                0x0000000000003838        0x8 Output/csense_pca10040 Release/Obj/app_timer2.o
                0x0000000000003838                m_nrf_log_app_timer_logs_data_const
 .log_const_data_clock
                0x0000000000003840        0x8 Output/csense_pca10040 Release/Obj/nrf_drv_clock.o
                0x0000000000003840                m_nrf_log_clock_logs_data_const
 .log_const_data_sortlist
                0x0000000000003848        0x8 Output/csense_pca10040 Release/Obj/nrf_sortlist.o
                0x0000000000003848                m_nrf_log_sortlist_logs_data_const
                0x0000000000003850                __log_const_data_end__ = (__log_const_data_start__ + SIZEOF (.log_const_data))
                0x0000000000000060                __log_const_data_size__ = SIZEOF (.log_const_data)
                0x0000000000003850                __stop_log_const_data = __log_const_data_end__
                0x0000000000003850                __log_const_data_load_end__ = __log_const_data_end__
                0x0000000000000001                . = ASSERT (((__log_const_data_start__ == __log_const_data_end__) || ((__log_const_data_end__ - __FLASH_segment_start__) <= __FLASH_segment_size__)), error: .log_const_data is too large to fit in FLASH memory segment)
                0x0000000000003850                __log_backends_load_start__ = ALIGN (__log_const_data_end__, 0x4)

.log_backends   0x0000000000003850       0x10
                0x0000000000003850                __log_backends_start__ = .
                0x0000000000003850                __start_log_backends = __log_backends_start__
 *(SORT_BY_NAME(.log_backends*))
 .log_backends  0x0000000000003850       0x10 Output/csense_pca10040 Release/Obj/nrf_log_default_backends.o
                0x0000000000003860                __log_backends_end__ = (__log_backends_start__ + SIZEOF (.log_backends))
                0x0000000000000010                __log_backends_size__ = SIZEOF (.log_backends)
                0x0000000000003860                __stop_log_backends = __log_backends_end__
                0x0000000000003860                __log_backends_load_end__ = __log_backends_end__
                0x0000000000000001                . = ASSERT (((__log_backends_start__ == __log_backends_end__) || ((__log_backends_end__ - __FLASH_segment_start__) <= __FLASH_segment_size__)), error: .log_backends is too large to fit in FLASH memory segment)
                0x0000000000003860                __nrf_balloc_load_start__ = ALIGN (__log_backends_end__, 0x4)

.nrf_balloc     0x0000000000003860       0x14
                0x0000000000003860                __nrf_balloc_start__ = .
                0x0000000000003860                __start_nrf_balloc = __nrf_balloc_start__
 *(.nrf_balloc*)
 .nrf_balloc    0x0000000000003860       0x14 Output/csense_pca10040 Release/Obj/nrf_log_frontend.o
                0x0000000000003860                log_mempool
                0x0000000000003874                __nrf_balloc_end__ = (__nrf_balloc_start__ + SIZEOF (.nrf_balloc))
                0x0000000000000014                __nrf_balloc_size__ = SIZEOF (.nrf_balloc)
                0x0000000000003874                __stop_nrf_balloc = __nrf_balloc_end__
                0x0000000000003874                __nrf_balloc_load_end__ = __nrf_balloc_end__
                0x0000000000000001                . = ASSERT (((__nrf_balloc_start__ == __nrf_balloc_end__) || ((__nrf_balloc_end__ - __FLASH_segment_start__) <= __FLASH_segment_size__)), error: .nrf_balloc is too large to fit in FLASH memory segment)
                0x0000000000003874                __nrf_sections_load_start__ = ALIGN (__nrf_balloc_end__, 0x4)

.nrf_sections   0x0000000000003874        0x0
                0x0000000000003874                __nrf_sections_start__ = .
                0x0000000000003874                __start_nrf_sections = __nrf_sections_start__
 *(.nrf_sections .nrf_sections.*)
                0x0000000000003874                __nrf_sections_end__ = (__nrf_sections_start__ + SIZEOF (.nrf_sections))
                0x0000000000000000                __nrf_sections_size__ = SIZEOF (.nrf_sections)
                0x0000000000003874                __nrf_sections_load_end__ = __nrf_sections_end__
                0x0000000000000001                . = ASSERT (((__nrf_sections_start__ == __nrf_sections_end__) || ((__nrf_sections_end__ - __FLASH_segment_start__) <= __FLASH_segment_size__)), error: .nrf_sections is too large to fit in FLASH memory segment)
                0x0000000000003874                __log_dynamic_data_load_start__ = ALIGN (__nrf_sections_end__, 0x4)

.log_dynamic_data
                0x0000000020000000        0x0 load address 0x0000000000003874
                0x0000000020000000                __log_dynamic_data_start__ = .
 *(SORT_BY_NAME(.log_dynamic_data*))
                0x0000000020000000                __log_dynamic_data_end__ = (__log_dynamic_data_start__ + SIZEOF (.log_dynamic_data))
                0x0000000000000000                __log_dynamic_data_size__ = SIZEOF (.log_dynamic_data)
                0x0000000000003874                __log_dynamic_data_load_end__ = (__log_dynamic_data_load_start__ + SIZEOF (.log_dynamic_data))
                0x0000000000000001                . = ASSERT (((__log_dynamic_data_load_start__ == __log_dynamic_data_load_end__) || ((__log_dynamic_data_load_end__ - __FLASH_segment_start__) <= __FLASH_segment_size__)), error: .log_dynamic_data is too large to fit in FLASH memory segment)

.log_dynamic_data_run
                0x0000000020000000        0x0
                0x0000000020000000                __log_dynamic_data_run_start__ = .
                0x0000000020000000                __start_log_dynamic_data = __log_dynamic_data_run_start__
                0x0000000020000000                . = MAX ((__log_dynamic_data_run_start__ + SIZEOF (.log_dynamic_data)), .)
                0x0000000020000000                __log_dynamic_data_run_end__ = (__log_dynamic_data_run_start__ + SIZEOF (.log_dynamic_data_run))
                0x0000000000000000                __log_dynamic_data_run_size__ = SIZEOF (.log_dynamic_data_run)
                0x0000000020000000                __stop_log_dynamic_data = __log_dynamic_data_run_end__
                0x0000000020000000                __log_dynamic_data_run_load_end__ = __log_dynamic_data_run_end__
                0x0000000000000001                . = ASSERT (((__log_dynamic_data_run_start__ == __log_dynamic_data_run_end__) || ((__log_dynamic_data_run_end__ - __RAM_segment_start__) <= __RAM_segment_size__)), error: .log_dynamic_data_run is too large to fit in RAM memory segment)
                0x0000000000003874                __log_filter_data_load_start__ = ALIGN ((__log_dynamic_data_load_start__ + SIZEOF (.log_dynamic_data)), 0x4)

.log_filter_data
                0x0000000020000000        0x0 load address 0x0000000000003874
                0x0000000020000000                __log_filter_data_start__ = .
 *(SORT_BY_NAME(.log_filter_data*))
                0x0000000020000000                __log_filter_data_end__ = (__log_filter_data_start__ + SIZEOF (.log_filter_data))
                0x0000000000000000                __log_filter_data_size__ = SIZEOF (.log_filter_data)
                0x0000000000003874                __log_filter_data_load_end__ = (__log_filter_data_load_start__ + SIZEOF (.log_filter_data))
                0x0000000000000001                . = ASSERT (((__log_filter_data_load_start__ == __log_filter_data_load_end__) || ((__log_filter_data_load_end__ - __FLASH_segment_start__) <= __FLASH_segment_size__)), error: .log_filter_data is too large to fit in FLASH memory segment)

.log_filter_data_run
                0x0000000020000000        0x0
                0x0000000020000000                __log_filter_data_run_start__ = .
                0x0000000020000000                __start_log_filter_data = __log_filter_data_run_start__
                0x0000000020000000                . = MAX ((__log_filter_data_run_start__ + SIZEOF (.log_filter_data)), .)
                0x0000000020000000                __log_filter_data_run_end__ = (__log_filter_data_run_start__ + SIZEOF (.log_filter_data_run))
                0x0000000000000000                __log_filter_data_run_size__ = SIZEOF (.log_filter_data_run)
                0x0000000020000000                __stop_log_filter_data = __log_filter_data_run_end__
                0x0000000020000000                __log_filter_data_run_load_end__ = __log_filter_data_run_end__
                0x0000000000000001                . = ASSERT (((__log_filter_data_run_start__ == __log_filter_data_run_end__) || ((__log_filter_data_run_end__ - __RAM_segment_start__) <= __RAM_segment_size__)), error: .log_filter_data_run is too large to fit in RAM memory segment)
                0x0000000020000000                __nrf_sections_run_end_load_start__ = ALIGN (__log_filter_data_run_end__, 0x4)

.nrf_sections_run_end
                0x0000000020000000        0x0
                0x0000000020000000                __nrf_sections_run_end_start__ = .
                0x0000000020000000                __end_nrf_sections_run = __nrf_sections_run_end_start__
 *(.nrf_sections_run_end .nrf_sections_run_end.*)
                0x0000000020000000                __nrf_sections_run_end_end__ = (__nrf_sections_run_end_start__ + SIZEOF (.nrf_sections_run_end))
                0x0000000000000000                __nrf_sections_run_end_size__ = SIZEOF (.nrf_sections_run_end)
                0x0000000020000000                __nrf_sections_run_end_load_end__ = __nrf_sections_run_end_end__
                0x0000000000000001                . = ASSERT (((__nrf_sections_run_end_start__ == __nrf_sections_run_end_end__) || ((__nrf_sections_run_end_end__ - __RAM_segment_start__) <= __RAM_segment_size__)), error: .nrf_sections_run_end is too large to fit in RAM memory segment)
                0x0000000000003874                __dtors_load_start__ = ALIGN ((__log_filter_data_load_start__ + SIZEOF (.log_filter_data)), 0x4)

.dtors          0x0000000000003874        0x0
                0x0000000000003874                __dtors_start__ = .
 *(SORT_BY_NAME(.dtors.*))
 *(.dtors)
 *(.fini_array)
 *(SORT_BY_NAME(.fini_array.*))
                0x0000000000003874                __dtors_end__ = (__dtors_start__ + SIZEOF (.dtors))
                0x0000000000000000                __dtors_size__ = SIZEOF (.dtors)
                0x0000000000003874                __dtors_load_end__ = __dtors_end__
                0x0000000000000001                . = ASSERT (((__dtors_start__ == __dtors_end__) || ((__dtors_end__ - __FLASH_segment_start__) <= __FLASH_segment_size__)), error: .dtors is too large to fit in FLASH memory segment)
                0x0000000000003874                __ctors_load_start__ = ALIGN (__dtors_end__, 0x4)

.ctors          0x0000000000003874        0x0
                0x0000000000003874                __ctors_start__ = .
 *(SORT_BY_NAME(.ctors.*))
 *(.ctors)
 *(.init_array)
 *(SORT_BY_NAME(.init_array.*))
                0x0000000000003874                __ctors_end__ = (__ctors_start__ + SIZEOF (.ctors))
                0x0000000000000000                __ctors_size__ = SIZEOF (.ctors)
                0x0000000000003874                __ctors_load_end__ = __ctors_end__
                0x0000000000000001                . = ASSERT (((__ctors_start__ == __ctors_end__) || ((__ctors_end__ - __FLASH_segment_start__) <= __FLASH_segment_size__)), error: .ctors is too large to fit in FLASH memory segment)
                0x0000000000003874                __rodata_load_start__ = ALIGN (__ctors_end__, 0x4)

.rodata         0x0000000000003874      0x486
                0x0000000000003874                __rodata_start__ = .
 *(.rodata .rodata.* .gnu.linkonce.r.*)
 .rodata        0x0000000000003874       0x20 Output/csense_pca10040 Release/Obj/nrf_log_backend_uart.o
 .rodata.nrf_log_backend_uart_api
                0x0000000000003894        0xc Output/csense_pca10040 Release/Obj/nrf_log_backend_uart.o
                0x0000000000003894                nrf_log_backend_uart_api
 .rodata.str1.1
                0x00000000000038a0       0x11 Output/csense_pca10040 Release/Obj/nrf_log_default_backends.o
 .rodata.nrf_log_frontend_dequeue.str1.1
                0x00000000000038b1       0x11 Output/csense_pca10040 Release/Obj/nrf_log_frontend.o
 .rodata.str1.1
                0x00000000000038c2        0x4 Output/csense_pca10040 Release/Obj/nrf_log_frontend.o
 *fill*         0x00000000000038c6        0x2 
 .rodata.m_log_push_ringbuf
                0x00000000000038c8        0xc Output/csense_pca10040 Release/Obj/nrf_log_frontend.o
 .rodata.postfix_process.str1.1
                0x00000000000038d4        0x8 Output/csense_pca10040 Release/Obj/nrf_log_str_formatter.o
                                          0xb (size before relaxing)
 .rodata.prefix_process.str1.1
                0x00000000000038dc       0x2a Output/csense_pca10040 Release/Obj/nrf_log_str_formatter.o
 .rodata.nrf_log_hexdump_entry_process.str1.1
                0x0000000000003906        0xf Output/csense_pca10040 Release/Obj/nrf_log_str_formatter.o
                                         0x11 (size before relaxing)
 .rodata.str1.1
                0x0000000000003915       0x4b Output/csense_pca10040 Release/Obj/nrf_log_str_formatter.o
                                         0x51 (size before relaxing)
 .rodata.m_colors
                0x0000000000003960       0x24 Output/csense_pca10040 Release/Obj/nrf_log_str_formatter.o
 .rodata.severity_names
                0x0000000000003984       0x14 Output/csense_pca10040 Release/Obj/nrf_log_str_formatter.o
 .rodata.app_error_fault_handler.str1.1
                0x0000000000003998       0x19 Output/csense_pca10040 Release/Obj/app_error_weak.o
 .rodata.str1.1
                0x00000000000039b1        0xa Output/csense_pca10040 Release/Obj/app_timer2.o
 *fill*         0x00000000000039bb        0x1 
 .rodata        0x00000000000039bc        0x4 Output/csense_pca10040 Release/Obj/app_timer2.o
 .rodata.m_app_timer_sortlist
                0x00000000000039c0        0xc Output/csense_pca10040 Release/Obj/app_timer2.o
 .rodata.drv_rtc_init.str1.1
                0x00000000000039cc       0x34 Output/csense_pca10040 Release/Obj/drv_rtc.o
 .rodata.delay_machine_code.7703
                0x0000000000003a00        0x6 Output/csense_pca10040 Release/Obj/drv_rtc.o
 .rodata.m_csense_config.8163
                0x0000000000003a06        0x1 Output/csense_pca10040 Release/Obj/nrf_csense.o
 *fill*         0x0000000000003a07        0x1 
 .rodata.nrf_csense_timer
                0x0000000000003a08        0x4 Output/csense_pca10040 Release/Obj/nrf_csense.o
 .rodata.default_config.8745
                0x0000000000003a0c        0x4 Output/csense_pca10040 Release/Obj/nrf_drv_csense.o
 .rodata._aV2C.7631
                0x0000000000003a10       0x10 Output/csense_pca10040 Release/Obj/nrf_fprintf_format.o
 .rodata.str1.1
                0x0000000000003a20        0x9 Output/csense_pca10040 Release/Obj/nrf_sortlist.o
 .rodata.str1.1
                0x0000000000003a29        0x6 Output/csense_pca10040 Release/Obj/nrf_drv_clock.o
 .rodata.str1.1
                0x0000000000003a2f        0x6 Output/csense_pca10040 Release/Obj/nrfx_clock.o
 .rodata.str1.1
                0x0000000000003a35        0x5 Output/csense_pca10040 Release/Obj/nrfx_comp.o
 .rodata.str1.1
                0x0000000000003a3a        0x4 Output/csense_pca10040 Release/Obj/nrfx_ppi.o
 .rodata.str1.1
                0x0000000000003a3e        0x4 Output/csense_pca10040 Release/Obj/nrfx_prs.o
 .rodata.str1.1
                0x0000000000003a42        0x6 Output/csense_pca10040 Release/Obj/nrfx_saadc.o
 .rodata.str1.1
                0x0000000000003a48        0x6 Output/csense_pca10040 Release/Obj/nrfx_timer.o
 .rodata.str1.1
                0x0000000000003a4e        0x5 Output/csense_pca10040 Release/Obj/nrfx_uart.o
 .rodata.str1.1
                0x0000000000003a53        0x6 Output/csense_pca10040 Release/Obj/nrfx_uarte.o
 .rodata.nrf_csense_handler.str1.1
                0x0000000000003a59       0x2a Output/csense_pca10040 Release/Obj/main.o
 .rodata.main.str1.1
                0x0000000000003a83       0x2c Output/csense_pca10040 Release/Obj/main.o
 .rodata.CSWTCH.15
                0x0000000000003aaf        0x4 Output/csense_pca10040 Release/Obj/system_nrf52.o
 .rodata.CSWTCH.19
                0x0000000000003ab3        0x4 Output/csense_pca10040 Release/Obj/system_nrf52.o
 .rodata.CSWTCH.5
                0x0000000000003ab7        0x4 Output/csense_pca10040 Release/Obj/system_nrf52.o
 *fill*         0x0000000000003abb        0x1 
 .rodata.libc.__RAL_find_locale.str1.4
                0x0000000000003abc        0xa C:/Program Files/SEGGER/SEGGER Embedded Studio for ARM 4.52b/lib/libc_v7em_fpv4_sp_d16_hard_t_le_eabi.a(libc2.o)
 *fill*         0x0000000000003ac6        0x2 
 .rodata.libc.__RAL_ascii_ctype_map
                0x0000000000003ac8       0x80 C:/Program Files/SEGGER/SEGGER Embedded Studio for ARM 4.52b/lib/libc_v7em_fpv4_sp_d16_hard_t_le_eabi.a(libc2.o)
                0x0000000000003ac8                __RAL_ascii_ctype_map
 .rodata.libc.__RAL_ascii_ctype_mask
                0x0000000000003b48        0xd C:/Program Files/SEGGER/SEGGER Embedded Studio for ARM 4.52b/lib/libc_v7em_fpv4_sp_d16_hard_t_le_eabi.a(libc2.o)
 *fill*         0x0000000000003b55        0x3 
 .rodata.libc.__RAL_c_locale
                0x0000000000003b58        0xc C:/Program Files/SEGGER/SEGGER Embedded Studio for ARM 4.52b/lib/libc_v7em_fpv4_sp_d16_hard_t_le_eabi.a(libc2.o)
                0x0000000000003b58                __RAL_c_locale
 .rodata.libc.__RAL_c_locale_abbrev_day_names
                0x0000000000003b64       0x1d C:/Program Files/SEGGER/SEGGER Embedded Studio for ARM 4.52b/lib/libc_v7em_fpv4_sp_d16_hard_t_le_eabi.a(libc2.o)
                0x0000000000003b64                __RAL_c_locale_abbrev_day_names
 *fill*         0x0000000000003b81        0x3 
 .rodata.libc.__RAL_c_locale_abbrev_month_names
                0x0000000000003b84       0x31 C:/Program Files/SEGGER/SEGGER Embedded Studio for ARM 4.52b/lib/libc_v7em_fpv4_sp_d16_hard_t_le_eabi.a(libc2.o)
                0x0000000000003b84                __RAL_c_locale_abbrev_month_names
 *fill*         0x0000000000003bb5        0x3 
 .rodata.libc.__RAL_c_locale_am_pm_indicator
                0x0000000000003bb8        0x7 C:/Program Files/SEGGER/SEGGER Embedded Studio for ARM 4.52b/lib/libc_v7em_fpv4_sp_d16_hard_t_le_eabi.a(libc2.o)
                0x0000000000003bb8                __RAL_c_locale_am_pm_indicator
 *fill*         0x0000000000003bbf        0x1 
 .rodata.libc.__RAL_c_locale_data
                0x0000000000003bc0       0x58 C:/Program Files/SEGGER/SEGGER Embedded Studio for ARM 4.52b/lib/libc_v7em_fpv4_sp_d16_hard_t_le_eabi.a(libc2.o)
                0x0000000000003bc0                __RAL_c_locale_data
 .rodata.libc.__RAL_c_locale_date_format
                0x0000000000003c18        0x9 C:/Program Files/SEGGER/SEGGER Embedded Studio for ARM 4.52b/lib/libc_v7em_fpv4_sp_d16_hard_t_le_eabi.a(libc2.o)
                0x0000000000003c18                __RAL_c_locale_date_format
 *fill*         0x0000000000003c21        0x3 
 .rodata.libc.__RAL_c_locale_date_time_format
                0x0000000000003c24        0xf C:/Program Files/SEGGER/SEGGER Embedded Studio for ARM 4.52b/lib/libc_v7em_fpv4_sp_d16_hard_t_le_eabi.a(libc2.o)
                0x0000000000003c24                __RAL_c_locale_date_time_format
 *fill*         0x0000000000003c33        0x1 
 .rodata.libc.__RAL_c_locale_day_names
                0x0000000000003c34       0x3a C:/Program Files/SEGGER/SEGGER Embedded Studio for ARM 4.52b/lib/libc_v7em_fpv4_sp_d16_hard_t_le_eabi.a(libc2.o)
                0x0000000000003c34                __RAL_c_locale_day_names
 *fill*         0x0000000000003c6e        0x2 
 .rodata.libc.__RAL_c_locale_month_names
                0x0000000000003c70       0x57 C:/Program Files/SEGGER/SEGGER Embedded Studio for ARM 4.52b/lib/libc_v7em_fpv4_sp_d16_hard_t_le_eabi.a(libc2.o)
                0x0000000000003c70                __RAL_c_locale_month_names
 *fill*         0x0000000000003cc7        0x1 
 .rodata.libc.__RAL_c_locale_time_format
                0x0000000000003cc8        0x9 C:/Program Files/SEGGER/SEGGER Embedded Studio for ARM 4.52b/lib/libc_v7em_fpv4_sp_d16_hard_t_le_eabi.a(libc2.o)
                0x0000000000003cc8                __RAL_c_locale_time_format
 *fill*         0x0000000000003cd1        0x3 
 .rodata.libc.__RAL_codeset_ascii
                0x0000000000003cd4       0x20 C:/Program Files/SEGGER/SEGGER Embedded Studio for ARM 4.52b/lib/libc_v7em_fpv4_sp_d16_hard_t_le_eabi.a(libc2.o)
                0x0000000000003cd4                __RAL_codeset_ascii
 .rodata.libc.__RAL_data_empty_string
                0x0000000000003cf4        0x1 C:/Program Files/SEGGER/SEGGER Embedded Studio for ARM 4.52b/lib/libc_v7em_fpv4_sp_d16_hard_t_le_eabi.a(libc2.o)
                0x0000000000003cf4                __RAL_data_empty_string
 *fill*         0x0000000000003cf5        0x3 
 .rodata.libc.__RAL_data_utf8_period
                0x0000000000003cf8        0x2 C:/Program Files/SEGGER/SEGGER Embedded Studio for ARM 4.52b/lib/libc_v7em_fpv4_sp_d16_hard_t_le_eabi.a(libc2.o)
                0x0000000000003cf8                __RAL_data_utf8_period
                0x0000000000003cfa                __rodata_end__ = (__rodata_start__ + SIZEOF (.rodata))
                0x0000000000000486                __rodata_size__ = SIZEOF (.rodata)
                0x0000000000003cfa                __rodata_load_end__ = __rodata_end__

.rel.dyn        0x0000000000003cfc        0x0
 .rel.iplt      0x0000000000003cfc        0x0 Output/csense_pca10040 Release/Obj/thumb_crt0.o
                0x0000000000000001                . = ASSERT (((__rodata_start__ == __rodata_end__) || ((__rodata_end__ - __FLASH_segment_start__) <= __FLASH_segment_size__)), error: .rodata is too large to fit in FLASH memory segment)
                0x0000000000003cfc                __ARM.exidx_load_start__ = ALIGN (__rodata_end__, 0x4)

.ARM.exidx      0x0000000000003cfc        0x0
                0x0000000000003cfc                __ARM.exidx_start__ = .
                0x0000000000003cfc                __exidx_start = __ARM.exidx_start__
 *(.ARM.exidx .ARM.exidx.*)
                0x0000000000003cfc                __ARM.exidx_end__ = (__ARM.exidx_start__ + SIZEOF (.ARM.exidx))
                0x0000000000000000                __ARM.exidx_size__ = SIZEOF (.ARM.exidx)
                0x0000000000003cfc                __exidx_end = __ARM.exidx_end__
                0x0000000000003cfc                __ARM.exidx_load_end__ = __ARM.exidx_end__
                0x0000000000000001                . = ASSERT (((__ARM.exidx_start__ == __ARM.exidx_end__) || ((__ARM.exidx_end__ - __FLASH_segment_start__) <= __FLASH_segment_size__)), error: .ARM.exidx is too large to fit in FLASH memory segment)
                0x0000000000003cfc                __fast_load_start__ = ALIGN (__ARM.exidx_end__, 0x4)

.fast           0x0000000020000000        0x0 load address 0x0000000000003cfc
                0x0000000020000000                __fast_start__ = .
 *(.fast .fast.*)
                0x0000000020000000                __fast_end__ = (__fast_start__ + SIZEOF (.fast))
                0x0000000000000000                __fast_size__ = SIZEOF (.fast)
                0x0000000000003cfc                __fast_load_end__ = (__fast_load_start__ + SIZEOF (.fast))
                0x0000000000000001                . = ASSERT (((__fast_load_start__ == __fast_load_end__) || ((__fast_load_end__ - __FLASH_segment_start__) <= __FLASH_segment_size__)), error: .fast is too large to fit in FLASH memory segment)

.fast_run       0x0000000020000000        0x0
                0x0000000020000000                __fast_run_start__ = .
                0x0000000020000000                . = MAX ((__fast_run_start__ + SIZEOF (.fast)), .)
                0x0000000020000000                __fast_run_end__ = (__fast_run_start__ + SIZEOF (.fast_run))
                0x0000000000000000                __fast_run_size__ = SIZEOF (.fast_run)
                0x0000000020000000                __fast_run_load_end__ = __fast_run_end__
                0x0000000000000001                . = ASSERT (((__fast_run_start__ == __fast_run_end__) || ((__fast_run_end__ - __RAM_segment_start__) <= __RAM_segment_size__)), error: .fast_run is too large to fit in RAM memory segment)
                0x0000000000003cfc                __data_load_start__ = ALIGN ((__fast_load_start__ + SIZEOF (.fast)), 0x4)

.data           0x0000000020000000       0xa0 load address 0x0000000000003cfc
                0x0000000020000000                __data_start__ = .
 *(.data .data.* .gnu.linkonce.d.*)
 .data.m_uart   0x0000000020000000       0x14 Output/csense_pca10040 Release/Obj/nrf_log_backend_uart.o
                0x0000000020000000                m_uart
 .data.log_backend_cb_uart_log_backend
                0x0000000020000014        0x8 Output/csense_pca10040 Release/Obj/nrf_log_default_backends.o
 .data.m_rtc_inst
                0x000000002000001c        0x8 Output/csense_pca10040 Release/Obj/app_timer2.o
 .data.saadc_channel
                0x0000000020000024        0x9 Output/csense_pca10040 Release/Obj/nrf_drv_csense.o
 *fill*         0x000000002000002d        0x3 
 .data.m_button
                0x0000000020000030       0x18 Output/csense_pca10040 Release/Obj/main.o
 .data.m_button_pad
                0x0000000020000048        0x8 Output/csense_pca10040 Release/Obj/main.o
 .data.m_slider
                0x0000000020000050       0x18 Output/csense_pca10040 Release/Obj/main.o
 .data.m_slider_pad
                0x0000000020000068       0x20 Output/csense_pca10040 Release/Obj/main.o
 .data.SystemCoreClock
                0x0000000020000088        0x4 Output/csense_pca10040 Release/Obj/system_nrf52.o
                0x0000000020000088                SystemCoreClock
 .data.libc.__RAL_global_locale
                0x000000002000008c       0x14 C:/Program Files/SEGGER/SEGGER Embedded Studio for ARM 4.52b/lib/libc_v7em_fpv4_sp_d16_hard_t_le_eabi.a(libc2.o)
                0x000000002000008c                __RAL_global_locale
                0x00000000200000a0                __data_end__ = (__data_start__ + SIZEOF (.data))
                0x00000000000000a0                __data_size__ = SIZEOF (.data)
                0x0000000000003d9c                __data_load_end__ = (__data_load_start__ + SIZEOF (.data))

.igot.plt       0x0000000100000000        0x0
 .igot.plt      0x0000000100000000        0x0 Output/csense_pca10040 Release/Obj/thumb_crt0.o
                0x0000000000000001                . = ASSERT (((__data_load_start__ == __data_load_end__) || ((__data_load_end__ - __FLASH_segment_start__) <= __FLASH_segment_size__)), error: .data is too large to fit in FLASH memory segment)

.data_run       0x0000000020000000       0xa0 load address 0x0000000000003cfc
                0x0000000020000000                __data_run_start__ = .
                0x00000000200000a0                . = MAX ((__data_run_start__ + SIZEOF (.data)), .)
 *fill*         0x0000000020000000       0xa0 
                0x00000000200000a0                __data_run_end__ = (__data_run_start__ + SIZEOF (.data_run))
                0x00000000000000a0                __data_run_size__ = SIZEOF (.data_run)
                0x00000000200000a0                __data_run_load_end__ = __data_run_end__
                0x0000000000000001                . = ASSERT (((__data_run_start__ == __data_run_end__) || ((__data_run_end__ - __RAM_segment_start__) <= __RAM_segment_size__)), error: .data_run is too large to fit in RAM memory segment)
                0x0000000000003d9c                __tdata_load_start__ = ALIGN ((__data_load_start__ + SIZEOF (.data)), 0x4)

.tdata          0x00000000200000a0        0x0 load address 0x0000000000003d9c
                0x00000000200000a0                __tdata_start__ = .
 *(.tdata .tdata.*)
                0x00000000200000a0                __tdata_end__ = (__tdata_start__ + SIZEOF (.tdata))
                0x0000000000000000                __tdata_size__ = SIZEOF (.tdata)
                0x0000000000003d9c                __tdata_load_end__ = (__tdata_load_start__ + SIZEOF (.tdata))
                0x0000000000003d9c                __FLASH_segment_used_end__ = (ALIGN ((__data_load_start__ + SIZEOF (.data)), 0x4) + SIZEOF (.tdata))
                0x0000000000003d9c                __FLASH_segment_used_size__ = (__FLASH_segment_used_end__ - __FLASH_segment_start__)
                0x0000000000000001                . = ASSERT (((__tdata_load_start__ == __tdata_load_end__) || ((__tdata_load_end__ - __FLASH_segment_start__) <= __FLASH_segment_size__)), error: .tdata is too large to fit in FLASH memory segment)

.tdata_run      0x00000000200000a0        0x0
                0x00000000200000a0                __tdata_run_start__ = .
                0x00000000200000a0                . = MAX ((__tdata_run_start__ + SIZEOF (.tdata)), .)
                0x00000000200000a0                __tdata_run_end__ = (__tdata_run_start__ + SIZEOF (.tdata_run))
                0x0000000000000000                __tdata_run_size__ = SIZEOF (.tdata_run)
                0x00000000200000a0                __tdata_run_load_end__ = __tdata_run_end__
                0x0000000000000001                . = ASSERT (((__tdata_run_start__ == __tdata_run_end__) || ((__tdata_run_end__ - __RAM_segment_start__) <= __RAM_segment_size__)), error: .tdata_run is too large to fit in RAM memory segment)
                0x00000000200000a0                __bss_load_start__ = ALIGN (__tdata_run_end__, 0x4)

.bss            0x00000000200000a0      0x7ea
                0x00000000200000a0                __bss_start__ = .
 *(.bss .bss.* .gnu.linkonce.b.*)
 .bss.m_async_mode
                0x00000000200000a0        0x1 Output/csense_pca10040 Release/Obj/nrf_log_backend_uart.o
 .bss.m_string_buff
                0x00000000200000a1       0x40 Output/csense_pca10040 Release/Obj/nrf_log_backend_uart.o
 .bss.m_xfer_done
                0x00000000200000e1        0x1 Output/csense_pca10040 Release/Obj/nrf_log_backend_uart.o
 *fill*         0x00000000200000e2        0x2 
 .bss.log_mempool_nrf_balloc_cb
                0x00000000200000e4        0x8 Output/csense_pca10040 Release/Obj/nrf_log_frontend.o
 .bss.log_mempool_nrf_balloc_pool_mem
                0x00000000200000ec       0xc0 Output/csense_pca10040 Release/Obj/nrf_log_frontend.o
 .bss.log_mempool_nrf_balloc_pool_stack
                0x00000000200001ac        0x8 Output/csense_pca10040 Release/Obj/nrf_log_frontend.o
 .bss.m_log_data
                0x00000000200001b4      0x420 Output/csense_pca10040 Release/Obj/nrf_log_frontend.o
 .bss.m_log_push_ringbuf_buf
                0x00000000200005d4       0x80 Output/csense_pca10040 Release/Obj/nrf_log_frontend.o
 .bss.m_log_push_ringbuf_cb
                0x0000000020000654       0x18 Output/csense_pca10040 Release/Obj/nrf_log_frontend.o
 .bss.m_app_timer_sortlist_sortlist_cb
                0x000000002000066c        0x4 Output/csense_pca10040 Release/Obj/app_timer2.o
 .bss.m_base_counter
                0x0000000020000670        0x8 Output/csense_pca10040 Release/Obj/app_timer2.o
 .bss.m_global_active
                0x0000000020000678        0x1 Output/csense_pca10040 Release/Obj/app_timer2.o
 *fill*         0x0000000020000679        0x3 
 .bss.m_req_fifo_data
                0x000000002000067c       0x58 Output/csense_pca10040 Release/Obj/app_timer2.o
 .bss.m_req_fifo_inst
                0x00000000200006d4       0x10 Output/csense_pca10040 Release/Obj/app_timer2.o
 *fill*         0x00000000200006e4        0x4 
 .bss.m_stamp64
                0x00000000200006e8        0x8 Output/csense_pca10040 Release/Obj/app_timer2.o
 .bss.mp_active_timer
                0x00000000200006f0        0x4 Output/csense_pca10040 Release/Obj/app_timer2.o
 .bss.m_in_critical_region
                0x00000000200006f4        0x4 Output/csense_pca10040 Release/Obj/app_util_platform.o
 .bss.m_cb      0x00000000200006f8        0x8 Output/csense_pca10040 Release/Obj/drv_rtc.o
 .bss.m_handlers
                0x0000000020000700        0x4 Output/csense_pca10040 Release/Obj/drv_rtc.o
 .bss.m_nrf_csense
                0x0000000020000704       0x20 Output/csense_pca10040 Release/Obj/nrf_csense.o
 .bss.m_values_buffer
                0x0000000020000724       0x28 Output/csense_pca10040 Release/Obj/nrf_csense.o
 .bss.mp_nrf_csense_instance_head
                0x000000002000074c        0x4 Output/csense_pca10040 Release/Obj/nrf_csense.o
 .bss.nrf_csense_timer_data
                0x0000000020000750       0x20 Output/csense_pca10040 Release/Obj/nrf_csense.o
 .bss.prev_analog_values.8143
                0x0000000020000770       0x10 Output/csense_pca10040 Release/Obj/nrf_csense.o
 .bss.previous_pad.8129
                0x0000000020000780        0x2 Output/csense_pca10040 Release/Obj/nrf_csense.o
 *fill*         0x0000000020000782        0x2 
 .bss.m_csense  0x0000000020000784       0x20 Output/csense_pca10040 Release/Obj/nrf_drv_csense.o
 .bss.saadc_value.8775
                0x00000000200007a4        0x2 Output/csense_pca10040 Release/Obj/nrf_drv_csense.o
 *fill*         0x00000000200007a6        0x2 
 .bss.m_clock_cb
                0x00000000200007a8       0x14 Output/csense_pca10040 Release/Obj/nrf_drv_clock.o
 .bss.m_contexts
                0x00000000200007bc        0x4 Output/csense_pca10040 Release/Obj/nrf_drv_uart.o
 .bss.m_handlers
                0x00000000200007c0        0x4 Output/csense_pca10040 Release/Obj/nrf_drv_uart.o
 .bss.nrf_drv_uart_use_easy_dma
                0x00000000200007c4        0x1 Output/csense_pca10040 Release/Obj/nrf_drv_uart.o
                0x00000000200007c4                nrf_drv_uart_use_easy_dma
 *fill*         0x00000000200007c5        0x3 
 .bss.m_clock_cb
                0x00000000200007c8        0x8 Output/csense_pca10040 Release/Obj/nrfx_clock.o
 .bss.m_comp_event_handler
                0x00000000200007d0        0x4 Output/csense_pca10040 Release/Obj/nrfx_comp.o
 .bss.m_prs_box_4
                0x00000000200007d4        0x8 Output/csense_pca10040 Release/Obj/nrfx_prs.o
 .bss.m_cb      0x00000000200007dc       0x30 Output/csense_pca10040 Release/Obj/nrfx_saadc.o
 .bss.m_cb      0x000000002000080c       0x18 Output/csense_pca10040 Release/Obj/nrfx_timer.o
 .bss.m_cb      0x0000000020000824       0x2c Output/csense_pca10040 Release/Obj/nrfx_uart.o
 .bss.m_cb      0x0000000020000850       0x24 Output/csense_pca10040 Release/Obj/nrfx_uarte.o
 .bss.m_button_minmax
                0x0000000020000874        0x4 Output/csense_pca10040 Release/Obj/main.o
 .bss.m_slider_minmax
                0x0000000020000878       0x10 Output/csense_pca10040 Release/Obj/main.o
 .bss.touched_counter.9087
                0x0000000020000888        0x2 Output/csense_pca10040 Release/Obj/main.o
 *(COMMON)
                0x000000002000088a                __bss_end__ = (__bss_start__ + SIZEOF (.bss))
                0x00000000000007ea                __bss_size__ = SIZEOF (.bss)
                0x000000002000088a                __bss_load_end__ = __bss_end__
                0x0000000000000001                . = ASSERT (((__bss_start__ == __bss_end__) || ((__bss_end__ - __RAM_segment_start__) <= __RAM_segment_size__)), error: .bss is too large to fit in RAM memory segment)
                0x000000002000088c                __tbss_load_start__ = ALIGN (__bss_end__, 0x4)

.tbss           0x000000002000088c        0x0
                0x000000002000088c                __tbss_start__ = .
 *(.tbss .tbss.*)
                0x000000002000088c                __tbss_end__ = (__tbss_start__ + SIZEOF (.tbss))
                0x0000000000000000                __tbss_size__ = SIZEOF (.tbss)
                0x000000002000088c                __tbss_load_end__ = __tbss_end__
                0x0000000000000001                . = ASSERT (((__tbss_start__ == __tbss_end__) || ((__tbss_end__ - __RAM_segment_start__) <= __RAM_segment_size__)), error: .tbss is too large to fit in RAM memory segment)
                0x000000002000088c                __non_init_load_start__ = ALIGN (__tbss_end__, 0x4)

.non_init       0x000000002000088c        0x0
                0x000000002000088c                __non_init_start__ = .
 *(.non_init .non_init.*)
                0x000000002000088c                __non_init_end__ = (__non_init_start__ + SIZEOF (.non_init))
                0x0000000000000000                __non_init_size__ = SIZEOF (.non_init)
                0x000000002000088c                __non_init_load_end__ = __non_init_end__
                0x0000000000000001                . = ASSERT (((__non_init_start__ == __non_init_end__) || ((__non_init_end__ - __RAM_segment_start__) <= __RAM_segment_size__)), error: .non_init is too large to fit in RAM memory segment)
                0x000000002000088c                __heap_load_start__ = ALIGN (__non_init_end__, 0x4)

.heap           0x000000002000088c     0x2000
                0x000000002000088c                __heap_start__ = .
 *(.heap .heap.*)
                0x000000002000288c                . = ALIGN (MAX ((__heap_start__ + __HEAPSIZE__), .), 0x4)
 *fill*         0x000000002000088c     0x2000 
                0x000000002000288c                __heap_end__ = (__heap_start__ + SIZEOF (.heap))
                0x0000000000002000                __heap_size__ = SIZEOF (.heap)
                0x000000002000288c                __heap_load_end__ = __heap_end__
                0x0000000000000001                . = ASSERT (((__heap_start__ == __heap_end__) || ((__heap_end__ - __RAM_segment_start__) <= __RAM_segment_size__)), error: .heap is too large to fit in RAM memory segment)
                0x000000002000e000                __stack_load_start__ = (__RAM_segment_start__ + (__RAM_segment_size__ - 0x2000))

.stack          0x000000002000e000     0x2000
                0x000000002000e000                __stack_start__ = .
                0x000000002000e000                __StackLimit = __stack_start__
 *(.stack .stack.*)
                0x0000000020010000                . = ALIGN (MAX ((__stack_start__ + __STACKSIZE__), .), 0x8)
 *fill*         0x000000002000e000     0x2000 
                0x0000000020010000                __stack_end__ = (__stack_start__ + SIZEOF (.stack))
                0x0000000000002000                __stack_size__ = SIZEOF (.stack)
                0x0000000020010000                __StackTop = __stack_end__
                0x0000000020010000                __stack_load_end__ = __stack_end__
                0x0000000000000001                . = ASSERT (((__stack_start__ == __stack_end__) || ((__stack_end__ - __RAM_segment_start__) <= __RAM_segment_size__)), error: .stack is too large to fit in RAM memory segment)
                0x0000000000000001                . = ASSERT ((__heap_end__ <= __stack_start__), error: section .heap overlaps absolute placed section .stack)
                0x0000000020010000                __stack_process_load_start__ = ALIGN (__stack_end__, 0x8)

.stack_process  0x0000000020010000        0x0
                0x0000000020010000                __stack_process_start__ = .
 *(.stack_process .stack_process.*)
                0x0000000020010000                . = ALIGN (MAX ((__stack_process_start__ + __STACKSIZE_PROCESS__), .), 0x8)
                0x0000000020010000                __stack_process_end__ = (__stack_process_start__ + SIZEOF (.stack_process))
                0x0000000000000000                __stack_process_size__ = SIZEOF (.stack_process)
                0x0000000020010000                __stack_process_load_end__ = __stack_process_end__
                0x0000000020010000                __RAM_segment_used_end__ = (ALIGN (__stack_end__, 0x8) + SIZEOF (.stack_process))
                0x0000000000010000                __RAM_segment_used_size__ = (__RAM_segment_used_end__ - __RAM_segment_start__)
                0x0000000000000001                . = ASSERT (((__stack_process_start__ == __stack_process_end__) || ((__stack_process_end__ - __RAM_segment_start__) <= __RAM_segment_size__)), error: .stack_process is too large to fit in RAM memory segment)
START GROUP
LOAD Output/csense_pca10040 Release/Obj/thumb_crt0.o
LOAD Output/csense_pca10040 Release/Obj/nrf_log_backend_rtt.o
LOAD Output/csense_pca10040 Release/Obj/nrf_log_backend_serial.o
LOAD Output/csense_pca10040 Release/Obj/nrf_log_backend_uart.o
LOAD Output/csense_pca10040 Release/Obj/nrf_log_default_backends.o
LOAD Output/csense_pca10040 Release/Obj/nrf_log_frontend.o
LOAD Output/csense_pca10040 Release/Obj/nrf_log_str_formatter.o
LOAD Output/csense_pca10040 Release/Obj/boards.o
LOAD Output/csense_pca10040 Release/Obj/app_error.o
LOAD Output/csense_pca10040 Release/Obj/app_error_handler_gcc.o
LOAD Output/csense_pca10040 Release/Obj/app_error_weak.o
LOAD Output/csense_pca10040 Release/Obj/app_fifo.o
LOAD Output/csense_pca10040 Release/Obj/app_scheduler.o
LOAD Output/csense_pca10040 Release/Obj/app_timer2.o
LOAD Output/csense_pca10040 Release/Obj/app_uart_fifo.o
LOAD Output/csense_pca10040 Release/Obj/app_util_platform.o
LOAD Output/csense_pca10040 Release/Obj/drv_rtc.o
LOAD Output/csense_pca10040 Release/Obj/nrf_assert.o
LOAD Output/csense_pca10040 Release/Obj/nrf_atfifo.o
LOAD Output/csense_pca10040 Release/Obj/nrf_atomic.o
LOAD Output/csense_pca10040 Release/Obj/nrf_balloc.o
LOAD Output/csense_pca10040 Release/Obj/nrf_csense.o
LOAD Output/csense_pca10040 Release/Obj/nrf_drv_csense.o
LOAD Output/csense_pca10040 Release/Obj/nrf_fprintf.o
LOAD Output/csense_pca10040 Release/Obj/nrf_fprintf_format.o
LOAD Output/csense_pca10040 Release/Obj/nrf_memobj.o
LOAD Output/csense_pca10040 Release/Obj/nrf_ringbuf.o
LOAD Output/csense_pca10040 Release/Obj/nrf_sortlist.o
LOAD Output/csense_pca10040 Release/Obj/nrf_strerror.o
LOAD Output/csense_pca10040 Release/Obj/retarget.o
LOAD Output/csense_pca10040 Release/Obj/nrf_drv_clock.o
LOAD Output/csense_pca10040 Release/Obj/nrf_drv_ppi.o
LOAD Output/csense_pca10040 Release/Obj/nrf_drv_uart.o
LOAD Output/csense_pca10040 Release/Obj/nrf_nvic.o
LOAD Output/csense_pca10040 Release/Obj/nrf_soc.o
LOAD Output/csense_pca10040 Release/Obj/nrfx_atomic.o
LOAD Output/csense_pca10040 Release/Obj/nrfx_clock.o
LOAD Output/csense_pca10040 Release/Obj/nrfx_comp.o
LOAD Output/csense_pca10040 Release/Obj/nrfx_ppi.o
LOAD Output/csense_pca10040 Release/Obj/nrfx_prs.o
LOAD Output/csense_pca10040 Release/Obj/nrfx_saadc.o
LOAD Output/csense_pca10040 Release/Obj/nrfx_timer.o
LOAD Output/csense_pca10040 Release/Obj/nrfx_uart.o
LOAD Output/csense_pca10040 Release/Obj/nrfx_uarte.o
LOAD Output/csense_pca10040 Release/Obj/main.o
LOAD Output/csense_pca10040 Release/Obj/SEGGER_RTT.o
LOAD Output/csense_pca10040 Release/Obj/SEGGER_RTT_Syscalls_SES.o
LOAD Output/csense_pca10040 Release/Obj/SEGGER_RTT_printf.o
LOAD Output/csense_pca10040 Release/Obj/ses_startup_nrf52.o
LOAD Output/csense_pca10040 Release/Obj/ses_startup_nrf_common.o
LOAD Output/csense_pca10040 Release/Obj/system_nrf52.o
LOAD C:/Program Files/SEGGER/SEGGER Embedded Studio for ARM 4.52b/lib/libdebugio_mempoll_v7em_fpv4_sp_d16_hard_t_le_eabi.a
LOAD C:/Program Files/SEGGER/SEGGER Embedded Studio for ARM 4.52b/lib/libm_v7em_fpv4_sp_d16_hard_t_le_eabi.a
LOAD C:/Program Files/SEGGER/SEGGER Embedded Studio for ARM 4.52b/lib/libc_v7em_fpv4_sp_d16_hard_t_le_eabi.a
LOAD C:/Program Files/SEGGER/SEGGER Embedded Studio for ARM 4.52b/lib/libcpp_v7em_fpv4_sp_d16_hard_t_le_eabi.a
LOAD C:/Program Files/SEGGER/SEGGER Embedded Studio for ARM 4.52b/lib/libdebugio_v7em_fpv4_sp_d16_hard_t_le_eabi.a
LOAD C:/Program Files/SEGGER/SEGGER Embedded Studio for ARM 4.52b/lib/libvfprintf_v7em_fpv4_sp_d16_hard_t_le_eabi.o
LOAD C:/Program Files/SEGGER/SEGGER Embedded Studio for ARM 4.52b/lib/libvfscanf_v7em_fpv4_sp_d16_hard_t_le_eabi.o
END GROUP
OUTPUT(Output/Release/Exe/csense_pca10040.elf elf32-littlearm)

.ARM.attributes
                0x0000000000000000       0x35
 .ARM.attributes
                0x0000000000000000       0x25 Output/csense_pca10040 Release/Obj/thumb_crt0.o
 .ARM.attributes
                0x0000000000000025       0x39 Output/csense_pca10040 Release/Obj/nrf_log_backend_serial.o
 .ARM.attributes
                0x000000000000005e       0x39 Output/csense_pca10040 Release/Obj/nrf_log_backend_uart.o
 .ARM.attributes
                0x0000000000000097       0x39 Output/csense_pca10040 Release/Obj/nrf_log_default_backends.o
 .ARM.attributes
                0x00000000000000d0       0x39 Output/csense_pca10040 Release/Obj/nrf_log_frontend.o
 .ARM.attributes
                0x0000000000000109       0x39 Output/csense_pca10040 Release/Obj/nrf_log_str_formatter.o
 .ARM.attributes
                0x0000000000000142       0x39 Output/csense_pca10040 Release/Obj/app_error.o
 .ARM.attributes
                0x000000000000017b       0x39 Output/csense_pca10040 Release/Obj/app_error_weak.o
 .ARM.attributes
                0x00000000000001b4       0x39 Output/csense_pca10040 Release/Obj/app_timer2.o
 .ARM.attributes
                0x00000000000001ed       0x39 Output/csense_pca10040 Release/Obj/app_util_platform.o
 .ARM.attributes
                0x0000000000000226       0x39 Output/csense_pca10040 Release/Obj/drv_rtc.o
 .ARM.attributes
                0x000000000000025f       0x39 Output/csense_pca10040 Release/Obj/nrf_atfifo.o
 .ARM.attributes
                0x0000000000000298       0x39 Output/csense_pca10040 Release/Obj/nrf_atomic.o
 .ARM.attributes
                0x00000000000002d1       0x39 Output/csense_pca10040 Release/Obj/nrf_balloc.o
 .ARM.attributes
                0x000000000000030a       0x39 Output/csense_pca10040 Release/Obj/nrf_csense.o
 .ARM.attributes
                0x0000000000000343       0x39 Output/csense_pca10040 Release/Obj/nrf_drv_csense.o
 .ARM.attributes
                0x000000000000037c       0x39 Output/csense_pca10040 Release/Obj/nrf_fprintf.o
 .ARM.attributes
                0x00000000000003b5       0x39 Output/csense_pca10040 Release/Obj/nrf_fprintf_format.o
 .ARM.attributes
                0x00000000000003ee       0x39 Output/csense_pca10040 Release/Obj/nrf_memobj.o
 .ARM.attributes
                0x0000000000000427       0x39 Output/csense_pca10040 Release/Obj/nrf_ringbuf.o
 .ARM.attributes
                0x0000000000000460       0x39 Output/csense_pca10040 Release/Obj/nrf_sortlist.o
 .ARM.attributes
                0x0000000000000499       0x39 Output/csense_pca10040 Release/Obj/nrf_drv_clock.o
 .ARM.attributes
                0x00000000000004d2       0x39 Output/csense_pca10040 Release/Obj/nrf_drv_uart.o
 .ARM.attributes
                0x000000000000050b       0x39 Output/csense_pca10040 Release/Obj/nrfx_clock.o
 .ARM.attributes
                0x0000000000000544       0x39 Output/csense_pca10040 Release/Obj/nrfx_comp.o
 .ARM.attributes
                0x000000000000057d       0x39 Output/csense_pca10040 Release/Obj/nrfx_ppi.o
 .ARM.attributes
                0x00000000000005b6       0x39 Output/csense_pca10040 Release/Obj/nrfx_prs.o
 .ARM.attributes
                0x00000000000005ef       0x39 Output/csense_pca10040 Release/Obj/nrfx_saadc.o
 .ARM.attributes
                0x0000000000000628       0x39 Output/csense_pca10040 Release/Obj/nrfx_timer.o
 .ARM.attributes
                0x0000000000000661       0x39 Output/csense_pca10040 Release/Obj/nrfx_uart.o
 .ARM.attributes
                0x000000000000069a       0x39 Output/csense_pca10040 Release/Obj/nrfx_uarte.o
 .ARM.attributes
                0x00000000000006d3       0x39 Output/csense_pca10040 Release/Obj/main.o
 .ARM.attributes
                0x000000000000070c       0x25 Output/csense_pca10040 Release/Obj/ses_startup_nrf52.o
 .ARM.attributes
                0x0000000000000731       0x25 Output/csense_pca10040 Release/Obj/ses_startup_nrf_common.o
 .ARM.attributes
                0x0000000000000756       0x39 Output/csense_pca10040 Release/Obj/system_nrf52.o
 .ARM.attributes
                0x000000000000078f       0x20 C:/Program Files/SEGGER/SEGGER Embedded Studio for ARM 4.52b/lib/libm_v7em_fpv4_sp_d16_hard_t_le_eabi.a(libm_asm.o)
 .ARM.attributes
                0x00000000000007af       0x34 C:/Program Files/SEGGER/SEGGER Embedded Studio for ARM 4.52b/lib/libc_v7em_fpv4_sp_d16_hard_t_le_eabi.a(libc2.o)
 .ARM.attributes
                0x00000000000007e3       0x20 C:/Program Files/SEGGER/SEGGER Embedded Studio for ARM 4.52b/lib/libc_v7em_fpv4_sp_d16_hard_t_le_eabi.a(libc2_asm.o)

.comment        0x0000000000000000       0x47
 .comment       0x0000000000000000       0x47 Output/csense_pca10040 Release/Obj/nrf_log_backend_serial.o
                                         0x48 (size before relaxing)
 .comment       0x0000000000000047       0x48 Output/csense_pca10040 Release/Obj/nrf_log_backend_uart.o
 .comment       0x0000000000000047       0x48 Output/csense_pca10040 Release/Obj/nrf_log_default_backends.o
 .comment       0x0000000000000047       0x48 Output/csense_pca10040 Release/Obj/nrf_log_frontend.o
 .comment       0x0000000000000047       0x48 Output/csense_pca10040 Release/Obj/nrf_log_str_formatter.o
 .comment       0x0000000000000047       0x48 Output/csense_pca10040 Release/Obj/app_error.o
 .comment       0x0000000000000047       0x48 Output/csense_pca10040 Release/Obj/app_error_weak.o
 .comment       0x0000000000000047       0x48 Output/csense_pca10040 Release/Obj/app_timer2.o
 .comment       0x0000000000000047       0x48 Output/csense_pca10040 Release/Obj/app_util_platform.o
 .comment       0x0000000000000047       0x48 Output/csense_pca10040 Release/Obj/drv_rtc.o
 .comment       0x0000000000000047       0x48 Output/csense_pca10040 Release/Obj/nrf_atfifo.o
 .comment       0x0000000000000047       0x48 Output/csense_pca10040 Release/Obj/nrf_atomic.o
 .comment       0x0000000000000047       0x48 Output/csense_pca10040 Release/Obj/nrf_balloc.o
 .comment       0x0000000000000047       0x48 Output/csense_pca10040 Release/Obj/nrf_csense.o
 .comment       0x0000000000000047       0x48 Output/csense_pca10040 Release/Obj/nrf_drv_csense.o
 .comment       0x0000000000000047       0x48 Output/csense_pca10040 Release/Obj/nrf_fprintf.o
 .comment       0x0000000000000047       0x48 Output/csense_pca10040 Release/Obj/nrf_fprintf_format.o
 .comment       0x0000000000000047       0x48 Output/csense_pca10040 Release/Obj/nrf_memobj.o
 .comment       0x0000000000000047       0x48 Output/csense_pca10040 Release/Obj/nrf_ringbuf.o
 .comment       0x0000000000000047       0x48 Output/csense_pca10040 Release/Obj/nrf_sortlist.o
 .comment       0x0000000000000047       0x48 Output/csense_pca10040 Release/Obj/nrf_drv_clock.o
 .comment       0x0000000000000047       0x48 Output/csense_pca10040 Release/Obj/nrf_drv_uart.o
 .comment       0x0000000000000047       0x48 Output/csense_pca10040 Release/Obj/nrfx_clock.o
 .comment       0x0000000000000047       0x48 Output/csense_pca10040 Release/Obj/nrfx_comp.o
 .comment       0x0000000000000047       0x48 Output/csense_pca10040 Release/Obj/nrfx_ppi.o
 .comment       0x0000000000000047       0x48 Output/csense_pca10040 Release/Obj/nrfx_prs.o
 .comment       0x0000000000000047       0x48 Output/csense_pca10040 Release/Obj/nrfx_saadc.o
 .comment       0x0000000000000047       0x48 Output/csense_pca10040 Release/Obj/nrfx_timer.o
 .comment       0x0000000000000047       0x48 Output/csense_pca10040 Release/Obj/nrfx_uart.o
 .comment       0x0000000000000047       0x48 Output/csense_pca10040 Release/Obj/nrfx_uarte.o
 .comment       0x0000000000000047       0x48 Output/csense_pca10040 Release/Obj/main.o
 .comment       0x0000000000000047       0x48 Output/csense_pca10040 Release/Obj/system_nrf52.o
 .comment       0x0000000000000047       0x48 C:/Program Files/SEGGER/SEGGER Embedded Studio for ARM 4.52b/lib/libc_v7em_fpv4_sp_d16_hard_t_le_eabi.a(libc2.o)

.debug_line     0x0000000000000000    0x15e84
 .debug_line    0x0000000000000000      0x1ee Output/csense_pca10040 Release/Obj/thumb_crt0.o
 .debug_line    0x00000000000001ee      0x6d6 Output/csense_pca10040 Release/Obj/nrf_log_backend_serial.o
 .debug_line    0x00000000000008c4      0x982 Output/csense_pca10040 Release/Obj/nrf_log_backend_uart.o
 .debug_line    0x0000000000001246      0x5cd Output/csense_pca10040 Release/Obj/nrf_log_default_backends.o
 .debug_line    0x0000000000001813     0x1244 Output/csense_pca10040 Release/Obj/nrf_log_frontend.o
 .debug_line    0x0000000000002a57      0x7e7 Output/csense_pca10040 Release/Obj/nrf_log_str_formatter.o
 .debug_line    0x000000000000323e      0x3ca Output/csense_pca10040 Release/Obj/app_error.o
 .debug_line    0x0000000000003608      0x6f8 Output/csense_pca10040 Release/Obj/app_error_weak.o
 .debug_line    0x0000000000003d00      0xd54 Output/csense_pca10040 Release/Obj/app_timer2.o